<html>
<body>
<pre>
<h1>µVision Build Log</h1>
<h2>Tool Versions:</h2>
IDE-Version: ¦ÌVision V5.15
Copyright (C) 2015 ARM Ltd and ARM Germany GmbH. All rights reserved.
License Information: sdjkj Windows, HP Inc., LIC=V8574-FGPWV-9Y3VW-QZZTJ-W9ZMG-BTG7I
 
Tool Versions:
Toolchain:       MDK-ARM Professional  Version: 5.15.0
Toolchain Path:  D:\Keil_v5\ARM\ARMCC\Bin
C Compiler:      Armcc.exe V5.05 update 2 (build 169)
Assembler:       Armasm.exe V5.05 update 2 (build 169)
Linker/Locator:  ArmLink.exe V5.05 update 2 (build 169)
Library Manager: ArmAr.exe V5.05 update 2 (build 169)
Hex Converter:   FromElf.exe V5.05 update 2 (build 169)
CPU DLL:         SARMCM3.DLL V5.15.0
Dialog DLL:      DCM.DLL V1.13.2.0
Target DLL:      Segger\JL2CM3.dll V2.99.15.0
Dialog DLL:      TCM.DLL V1.14.5.0
 
<h2>Project:</h2>
C:\Users\HP\Desktop\2018CarV18moni\2018CarV18_final\2018CarV1.6new\USER\CarV1.uvprojx
Project File Date:  05/17/2018

<h2>Output:</h2>
*** Using Compiler 'V5.05 update 2 (build 169)', folder: 'D:\Keil_v5\ARM\ARMCC\Bin'
Rebuild target 'CarV1.2'
compiling main.c...
main.c(191): warning:  #177-D: variable "Nav_Value" was declared but never referenced
        uint16_t Nav_Value = 0;                                 //?Ç¶?
main.c: 1 warning, 0 errors
compiling infrared.c...
compiling syn7318.c...
..\HARDWARE\Task_Board\syn7318.c(119): warning:  #550-D: variable "time" was set but never used
        u32 time;       
..\HARDWARE\Task_Board\syn7318.c(162): warning:  #940-D: missing return statement at end of non-void function "SYN7318_Rst"
  }
..\HARDWARE\Task_Board\syn7318.c(733): warning:  #177-D: variable "YY_HXC" was declared but never referenced
  static u8 YY_HXC[8]={0x55 ,0x06 ,0x10 ,0x01 ,0x00 ,0x00 ,0x11 ,0xbb};  // »½?Ñ´?
..\HARDWARE\Task_Board\syn7318.c: 3 warnings, 0 errors
compiling tba.c...
compiling ultrasonic.c...
..\HARDWARE\Task_Board\ultrasonic.c(135): warning:  #1035-D: single-precision operand implicitly converted to double-precision
                        Ultrasonic_Value =(float)Ultrasonic_Value*1.72-20;       // ???ã¾??ë¶?Ê±10us£¬S=Vt/2£¨??2???ó²î²?³¢£©
..\HARDWARE\Task_Board\ultrasonic.c: 1 warning, 0 errors
compiling cba.c...
compiling usart.c...
compiling bh1750.c...
..\HARDWARE\Task_Board\bh1750.c(228): warning:  #1035-D: single-precision operand implicitly converted to double-precision
      temp=(float)dis_data/1.2;
..\HARDWARE\Task_Board\bh1750.c: 1 warning, 0 errors
compiling power_check.c...
compiling uart_a72.c...
compiling uart_drv.c...
compiling RC522.C...
compiling sys.c...
compiling delay.c...
compiling Timer.c...
compiling misc.c...
compiling stm32f4xx_adc.c...
compiling stm32f4xx_can.c...
compiling stm32f4xx_cec.c...
compiling stm32f4xx_crc.c...
compiling stm32f4xx_cryp.c...
compiling stm32f4xx_cryp_aes.c...
compiling stm32f4xx_cryp_des.c...
compiling stm32f4xx_cryp_tdes.c...
compiling stm32f4xx_dac.c...
compiling stm32f4xx_dbgmcu.c...
compiling stm32f4xx_dcmi.c...
compiling stm32f4xx_dfsdm.c...
compiling stm32f4xx_dma.c...
compiling stm32f4xx_dma2d.c...
compiling stm32f4xx_dsi.c...
compiling stm32f4xx_exti.c...
compiling stm32f4xx_flash.c...
compiling stm32f4xx_flash_ramfunc.c...
compiling stm32f4xx_fmpi2c.c...
compiling stm32f4xx_fsmc.c...
compiling stm32f4xx_gpio.c...
compiling stm32f4xx_hash.c...
compiling stm32f4xx_hash_md5.c...
compiling stm32f4xx_hash_sha1.c...
compiling stm32f4xx_i2c.c...
compiling stm32f4xx_iwdg.c...
compiling stm32f4xx_lptim.c...
compiling stm32f4xx_ltdc.c...
compiling stm32f4xx_pwr.c...
compiling stm32f4xx_qspi.c...
compiling stm32f4xx_rcc.c...
compiling stm32f4xx_rng.c...
compiling stm32f4xx_rtc.c...
compiling stm32f4xx_sai.c...
compiling stm32f4xx_sdio.c...
compiling stm32f4xx_spdifrx.c...
compiling stm32f4xx_spi.c...
compiling stm32f4xx_syscfg.c...
compiling stm32f4xx_tim.c...
compiling stm32f4xx_usart.c...
compiling stm32f4xx_wwdg.c...
assembling startup_stm32f40_41xxx.s...
compiling system_stm32f4xx.c...
compiling my_lib.c...
compiling data_base.c...
compiling roadway_check.c...
..\my_lib\roadway_check.c(139): warning:  #550-D: variable "Navig_Value" was set but never used
        uint16_t Navig_Value = 0;
..\my_lib\roadway_check.c: 1 warning, 0 errors
compiling data_filtering.c...
compiling full_routine.c...
..\my_lib\full_routine.c(219): warning:  #177-D: variable "i" was declared but never referenced
        u8 i;
..\my_lib\full_routine.c: 1 warning, 0 errors
compiling can_drv.c...
compiling CanP_HostCom.c...
compiling fifo_drv.c...
compiling Hard_Can.c...
compiling can_user.c...
..\HARDWARE\CAN\can_user.c(135): warning:  #186-D: pointless comparison of unsigned integer with zero
                if((a[i]>=0)&&(a[i]<=9))
..\HARDWARE\CAN\can_user.c(237): warning:  #167-D: argument of type "uint8_t *" is incompatible with parameter of type "char *restrict"
                                                        strncpy(RFID_PROCESSED_DATA,Wifi_Rx_Buf,20);       RFID_PROCESSED=1;  //??Ê¾??RFID?????ê³?
..\HARDWARE\CAN\can_user.c(237): warning:  #167-D: argument of type "uint8_t *" is incompatible with parameter of type "const char *restrict"
                                                        strncpy(RFID_PROCESSED_DATA,Wifi_Rx_Buf,20);       RFID_PROCESSED=1;  //??Ê¾??RFID?????ê³?
..\HARDWARE\CAN\can_user.c(240): warning:  #167-D: argument of type "uint8_t *" is incompatible with parameter of type "char *restrict"
                                                        strncpy(QR_PROCESSED_DATA,Wifi_Rx_Buf,20);         QR_PROCESSED=1;
..\HARDWARE\CAN\can_user.c(240): warning:  #167-D: argument of type "uint8_t *" is incompatible with parameter of type "const char *restrict"
                                                        strncpy(QR_PROCESSED_DATA,Wifi_Rx_Buf,20);         QR_PROCESSED=1;
..\HARDWARE\CAN\can_user.c(243): warning:  #167-D: argument of type "uint8_t *" is incompatible with parameter of type "char *restrict"
                                                        strncpy(LICENSE_PROCESSED_DATA,Wifi_Rx_Buf,20);     LICENSE_PROCESSED=1;
..\HARDWARE\CAN\can_user.c(243): warning:  #167-D: argument of type "uint8_t *" is incompatible with parameter of type "const char *restrict"
                                                        strncpy(LICENSE_PROCESSED_DATA,Wifi_Rx_Buf,20);     LICENSE_PROCESSED=1;
..\HARDWARE\CAN\can_user.c(246): warning:  #167-D: argument of type "uint8_t *" is incompatible with parameter of type "char *restrict"
                                                        strncpy(GRAPHIC_PROCESSED_DATA,Wifi_Rx_Buf,20);     GRAPHIC_PROCESSED=1;
..\HARDWARE\CAN\can_user.c(246): warning:  #167-D: argument of type "uint8_t *" is incompatible with parameter of type "const char *restrict"
                                                        strncpy(GRAPHIC_PROCESSED_DATA,Wifi_Rx_Buf,20);     GRAPHIC_PROCESSED=1;
..\HARDWARE\CAN\can_user.c(249): warning:  #167-D: argument of type "uint8_t *" is incompatible with parameter of type "char *restrict"
                                                        strncpy(TRAFFIC_LIGHT_PROCESSED_DATA,Wifi_Rx_Buf,20);TRAFFIC_LIGHT_PROCESSED=1;
..\HARDWARE\CAN\can_user.c(249): warning:  #167-D: argument of type "uint8_t *" is incompatible with parameter of type "const char *restrict"
                                                        strncpy(TRAFFIC_LIGHT_PROCESSED_DATA,Wifi_Rx_Buf,20);TRAFFIC_LIGHT_PROCESSED=1;
..\HARDWARE\CAN\can_user.c(252): warning:  #167-D: argument of type "uint8_t *" is incompatible with parameter of type "char *restrict"
                                                        strncpy(MAIN_QR_PROCESSED_DATA,Wifi_Rx_Buf,20);      MAIN_QR_PROCESSED=1;
..\HARDWARE\CAN\can_user.c(252): warning:  #167-D: argument of type "uint8_t *" is incompatible with parameter of type "const char *restrict"
                                                        strncpy(MAIN_QR_PROCESSED_DATA,Wifi_Rx_Buf,20);      MAIN_QR_PROCESSED=1;
..\HARDWARE\CAN\can_user.c: 13 warnings, 0 errors
compiling Can_check.c...
linking...
Program Size: Code=31280 RO-data=696 RW-data=1712 ZI-data=2560  
FromELF: creating hex file...
"..\OUTPUT\CarV1.3" - 0 Error(s), 21 Warning(s).

<h2>Collection of Component include folders:</h2>
  C:\Users\HP\Desktop\2018CarV18moni\2018CarV18_final\2018CarV1.6new\USER\RTE
  D:\Keil_v5\ARM\PACK\Keil\STM32F4xx_DFP\1.0.8\Device\Include

<h2>Collection of Component Files used:</h2>
</pre>
</body>
</html>
