<html>
<body>
<pre>
<h1>礦ision Build Log</h1>
<h2>Tool Versions:</h2>
IDE-Version: μVision V5.23.0.0
Copyright (C) 2017 ARM Ltd and ARM Germany GmbH. All rights reserved.
License Information: Author Zoro, zero, LIC=JDAMM-X4YJQ-C0XN2-9KGUQ-UHXEV-1S81K
 
Tool Versions:
Toolchain:       MDK-ARM Professional  Version: 5.23
Toolchain Path:  D:\keil5\ARM\ARMCC\Bin
C Compiler:      Armcc.exe V5.06 update 4 (build 422)
Assembler:       Armasm.exe V5.06 update 4 (build 422)
Linker/Locator:  ArmLink.exe V5.06 update 4 (build 422)
Library Manager: ArmAr.exe V5.06 update 4 (build 422)
Hex Converter:   FromElf.exe V5.06 update 4 (build 422)
CPU DLL:         SARMCM3.DLL V5.23
Dialog DLL:      DCM.DLL V1.15.0.0
Target DLL:      Segger\JL2CM3.dll V2.99.23.0
Dialog DLL:      TCM.DLL V1.27.0.0
 
<h2>Project:</h2>
C:\Users\Zoro\Desktop\竞赛项目\职业技能大赛程序-stm32\USER\LED.uvprojx
Project File Date:  11/24/2017

<h2>Output:</h2>
*** Using Compiler 'V5.06 update 4 (build 422)', folder: 'D:\keil5\ARM\ARMCC\Bin'
Rebuild target 'Target 1'
compiling led.c...
compiling stm32f10x_it.c...
compiling system_stm32f10x.c...
compiling main.c...
compiling ZigBee.c...
compiling motor_pwm.c...
compiling spi.c...
compiling xunji.c...
..\HARDWARE\XUNJI\xunji.c(60): warning:  #177-D: variable "i"  was declared but never referenced
  	   uint  i,RING_COUNT=0,RING_TIME=100;
..\HARDWARE\XUNJI\xunji.c(60): warning:  #550-D: variable "RING_COUNT"  was set but never used
  	   uint  i,RING_COUNT=0,RING_TIME=100;
..\HARDWARE\XUNJI\xunji.c(60): warning:  #550-D: variable "RING_TIME"  was set but never used
  	   uint  i,RING_COUNT=0,RING_TIME=100;
..\HARDWARE\XUNJI\xunji.c: 3 warnings, 0 errors
compiling RC.c...
compiling 24l01.c...
compiling Infrared_emsiion.c...
compiling key.c...
compiling bh1750.c...
compiling i2c.c...
compiling color_sensor.c...
compiling delay.c...
compiling sys.c...
compiling HCSR04.c...
compiling usart.c...
assembling startup_stm32f10x_hd.s...
compiling core_cm3.c...
compiling stm32f10x_gpio.c...
compiling stm32f10x_rcc.c...
compiling stm32f10x_usart.c...
compiling misc.c...
compiling stm32f10x_spi.c...
compiling stm32f10x_tim.c...
compiling stm32f10x_exti.c...
linking...
Program Size: Code=17600 RO-data=360 RW-data=92 ZI-data=1836  
FromELF: creating hex file...
"..\OBJ\LED.axf" - 0 Error(s), 3 Warning(s).

<h2>Collection of Component include folders:</h2>
  .\RTE\_Target_1
  D:\keil5\ARM\PACK\Keil\STM32F1xx_DFP\2.2.0\Device\Include

<h2>Collection of Component Files used:</h2>
Build Time Elapsed:  00:00:14
</pre>
</body>
</html>
