Component: ARM Compiler 5.05 update 2 (build 169) Tool: armlink [4d0f33]

==============================================================================

Section Cross References

    main.o(i.Hardware_Init) refers to misc.o(i.NVIC_PriorityGroupConfig) for NVIC_PriorityGroupConfig
    main.o(i.Hardware_Init) refers to delay.o(i.delay_init) for delay_init
    main.o(i.Hardware_Init) refers to tba.o(i.Tba_Init) for Tba_Init
    main.o(i.Hardware_Init) refers to infrared.o(i.Infrared_Init) for Infrared_Init
    main.o(i.Hardware_Init) refers to cba.o(i.Cba_Init) for Cba_Init
    main.o(i.Hardware_Init) refers to ultrasonic.o(i.Ultrasonic_Init) for Ultrasonic_Init
    main.o(i.Hardware_Init) refers to hard_can.o(i.Hard_Can_Init) for Hard_Can_Init
    main.o(i.Hardware_Init) refers to bh1750.o(i.BH1750_Configure) for BH1750_Configure
    main.o(i.Hardware_Init) refers to syn7318.o(i.SYN7318_Init) for SYN7318_Init
    main.o(i.Hardware_Init) refers to power_check.o(i.Electricity_Init) for Electricity_Init
    main.o(i.Hardware_Init) refers to uart_a72.o(i.UartA72_Init) for UartA72_Init
    main.o(i.Hardware_Init) refers to can_check.o(i.Can_check_Init) for Can_check_Init
    main.o(i.Hardware_Init) refers to roadway_check.o(i.roadway_check_TimInit) for roadway_check_TimInit
    main.o(i.Hardware_Init) refers to timer.o(i.Timer_Init) for Timer_Init
    main.o(i.KEY_Check) refers to delay.o(i.delay_ms) for delay_ms
    main.o(i.KEY_Check) refers to infrared.o(i.Infrared_Send) for Infrared_Send
    main.o(i.KEY_Check) refers to syn7318.o(i.SYN_TTS) for SYN_TTS
    main.o(i.KEY_Check) refers to rc522.o(i.RC522_Search_Card) for RC522_Search_Card
    main.o(i.KEY_Check) refers to tba.o(i.Set_tba_WheelLED) for Set_tba_WheelLED
    main.o(i.KEY_Check) refers to rc522.o(i.RW_Card) for RW_Card
    main.o(i.KEY_Check) refers to syn7318.o(i.SYN7318_Test) for SYN7318_Test
    main.o(i.KEY_Check) refers to main.o(.data) for CP_SHOW1
    main.o(i.KEY_Check) refers to can_user.o(.data) for Full_Enable
    main.o(i.KEY_Check) refers to main.o(.bss) for RFID_TX_buff
    main.o(i.main) refers to main.o(i.Hardware_Init) for Hardware_Init
    main.o(i.main) refers to rc522.o(i.Readcard_daivce_Init) for Readcard_daivce_Init
    main.o(i.main) refers to timer.o(i.gt_get) for gt_get
    main.o(i.main) refers to canp_hostcom.o(i.Send_UpMotor) for Send_UpMotor
    main.o(i.main) refers to main.o(i.KEY_Check) for KEY_Check
    main.o(i.main) refers to timer.o(i.gt_get_sub) for gt_get_sub
    main.o(i.main) refers to can_user.o(i.Can_WifiRx_Check) for Can_WifiRx_Check
    main.o(i.main) refers to can_user.o(i.Can_ZigBeeRx_Check) for Can_ZigBeeRx_Check
    main.o(i.main) refers to can_user.o(i.Full) for Full
    main.o(i.main) refers to power_check.o(i.Power_Check) for Power_Check
    main.o(i.main) refers to tba.o(i.Get_tba_phsis_value) for Get_tba_phsis_value
    main.o(i.main) refers to ultrasonic.o(i.Ultrasonic_Ranging) for Ultrasonic_Ranging
    main.o(i.main) refers to bh1750.o(i.Get_Bh_Value) for Get_Bh_Value
    main.o(i.main) refers to full_routine.o(i.mode) for mode
    main.o(i.main) refers to uart_a72.o(i.UartA72_TxClear) for UartA72_TxClear
    main.o(i.main) refers to uart_a72.o(i.UartA72_TxAddStr) for UartA72_TxAddStr
    main.o(i.main) refers to uart_a72.o(i.UartA72_TxStart) for UartA72_TxStart
    main.o(i.main) refers to canp_hostcom.o(i.Send_WifiData_To_Fifo) for Send_WifiData_To_Fifo
    main.o(i.main) refers to main.o(.data) for LED_twinkle_times
    main.o(i.main) refers to data_base.o(.bss) for Principal_Tab
    main.o(i.main) refers to can_user.o(.data) for Full_Enable
    main.o(i.main) refers to roadway_check.o(.data) for Stop_Flag
    main.o(i.main) refers to ultrasonic.o(.data) for dis
    main.o(i.main) refers to canp_hostcom.o(.data) for CanHost_Mp
    infrared.o(i.Infrared_Init) refers to stm32f4xx_rcc.o(i.RCC_AHB1PeriphClockCmd) for RCC_AHB1PeriphClockCmd
    infrared.o(i.Infrared_Init) refers to stm32f4xx_gpio.o(i.GPIO_Init) for GPIO_Init
    infrared.o(i.Infrared_Send) refers to delay.o(i.delay_ms) for delay_ms
    infrared.o(i.Infrared_Send) refers to delay.o(i.delay_us) for delay_us
    syn7318.o(i.SYN7318_Get_String) refers to syn7318.o(i.SYN7318_Get_char) for SYN7318_Get_char
    syn7318.o(i.SYN7318_Get_char) refers to timer.o(i.gt_get) for gt_get
    syn7318.o(i.SYN7318_Get_char) refers to stm32f4xx_usart.o(i.USART_GetFlagStatus) for USART_GetFlagStatus
    syn7318.o(i.SYN7318_Get_char) refers to stm32f4xx_usart.o(i.USART_ReceiveData) for USART_ReceiveData
    syn7318.o(i.SYN7318_Init) refers to syn7318.o(i.USART6_Init) for USART6_Init
    syn7318.o(i.SYN7318_Init) refers to stm32f4xx_rcc.o(i.RCC_AHB1PeriphClockCmd) for RCC_AHB1PeriphClockCmd
    syn7318.o(i.SYN7318_Init) refers to stm32f4xx_gpio.o(i.GPIO_Init) for GPIO_Init
    syn7318.o(i.SYN7318_Init) refers to stm32f4xx_gpio.o(i.GPIO_SetBits) for GPIO_SetBits
    syn7318.o(i.SYN7318_Init) refers to syn7318.o(i.SYN7318_Rst) for SYN7318_Rst
[...]
    RxData                                   0x2000036c   Data           1  uart_drv.o(.data)
    Uart_RxTemp                              0x2000036d   Data           1  uart_drv.o(.data)
    .data                                    0x20000388   Section       17  rc522.o(.data)
    .data                                    0x2000039a   Section        4  delay.o(.data)
    fac_us                                   0x2000039a   Data           1  delay.o(.data)
    fac_ms                                   0x2000039c   Data           2  delay.o(.data)
    .data                                    0x200003a0   Section        8  timer.o(.data)
    .data                                    0x200003a8   Section       16  stm32f4xx_rcc.o(.data)
    APBAHBPrescTable                         0x200003a8   Data          16  stm32f4xx_rcc.o(.data)
    .data                                    0x200003b8   Section       52  roadway_check.o(.data)
    gt_save                                  0x200003e4   Data           4  roadway_check.o(.data)
    gt_save                                  0x200003e8   Data           4  roadway_check.o(.data)
    .data                                    0x200003ec   Section        2  can_drv.o(.data)
    .data                                    0x200003f0   Section       53  canp_hostcom.o(.data)
    canp_ct                                  0x20000420   Data           4  canp_hostcom.o(.data)
    c                                        0x20000424   Data           1  canp_hostcom.o(.data)
    .data                                    0x20000428   Section      645  can_user.o(.data)
    H_S                                      0x20000428   Data           4  can_user.o(.data)
    H_X                                      0x2000042c   Data           4  can_user.o(.data)
    H_1                                      0x20000430   Data           4  can_user.o(.data)
    H_2                                      0x20000434   Data           4  can_user.o(.data)
    H_3                                      0x20000438   Data           4  can_user.o(.data)
    H_SD                                     0x2000043c   Data           4  can_user.o(.data)
    HW_K                                     0x20000440   Data           6  can_user.o(.data)
    HW_G                                     0x20000446   Data           6  can_user.o(.data)
    CP_G1                                    0x2000044c   Data           6  can_user.o(.data)
    CP_G2                                    0x20000452   Data           6  can_user.o(.data)
    DZ_K                                     0x20000458   Data           8  can_user.o(.data)
    DZ_G                                     0x20000460   Data           8  can_user.o(.data)
    SMG_SHOW                                 0x20000468   Data           8  can_user.o(.data)
    SMG_JSK                                  0x20000470   Data           8  can_user.o(.data)
    SMG_JSG                                  0x20000478   Data           8  can_user.o(.data)
    SMG_JL                                   0x20000480   Data           8  can_user.o(.data)
    CP_SHOW1                                 0x20000488   Data           6  can_user.o(.data)
    CP_SHOW2                                 0x2000048e   Data           6  can_user.o(.data)
    JULI_SHOW                                0x20000494   Data           6  can_user.o(.data)
    TU_SHOW                                  0x2000049a   Data           6  can_user.o(.data)
    YS_SHOW                                  0x200004a0   Data           6  can_user.o(.data)
    LU_SHOW                                  0x200004a6   Data           6  can_user.o(.data)
    _SHOW                                    0x200004ac   Data           6  can_user.o(.data)
    terminal_buf                             0x200004b2   Data           8  can_user.o(.data)
    AGV_CP_SHOW1                             0x200004ba   Data           8  can_user.o(.data)
    AGV_CP_SHOW2                             0x200004c2   Data           8  can_user.o(.data)
    AGV_CP_SHOW3                             0x200004ca   Data           8  can_user.o(.data)
    AGV_CP_SHOW4                             0x200004d2   Data           8  can_user.o(.data)
    AGV_CP_SHOW5                             0x200004da   Data           8  can_user.o(.data)
    AGV_CP_SHOW6                             0x200004e2   Data           8  can_user.o(.data)
    AGV_JULI_SHOW1                           0x200004ea   Data           8  can_user.o(.data)
    AGV_JULI_SHOW2                           0x200004f2   Data           8  can_user.o(.data)
    AGV_JULI_SHOW3                           0x200004fa   Data           8  can_user.o(.data)
    AGV_YS_SHOW1                             0x20000502   Data           8  can_user.o(.data)
    AGV_YS_SHOW2                             0x2000050a   Data           8  can_user.o(.data)
    AGV_YS_SHOW3                             0x20000512   Data           8  can_user.o(.data)
    AGV_LU_SHOW1                             0x2000051a   Data           8  can_user.o(.data)
    AGV_LU_SHOW2                             0x20000522   Data           8  can_user.o(.data)
    AGV_LU_SHOW3                             0x2000052a   Data           8  can_user.o(.data)
    AGV_LED_SHOW1                            0x20000532   Data           8  can_user.o(.data)
    AGV_LED_SHOW2                            0x2000053a   Data           8  can_user.o(.data)
    AGV_LED_SHOW3                            0x20000542   Data           8  can_user.o(.data)
    AGV_TFT_UP                               0x2000054a   Data           8  can_user.o(.data)
    AGV_TFT_DOWN                             0x20000552   Data           8  can_user.o(.data)
    AGV_LED_left                             0x2000055a   Data           8  can_user.o(.data)
    AGV_LED_right                            0x20000562   Data           8  can_user.o(.data)
    AGV_FH_1                                 0x2000056a   Data           8  can_user.o(.data)
    AGV_FH_2                                 0x20000572   Data           8  can_user.o(.data)
    AGV_FH_3                                 0x2000057a   Data           8  can_user.o(.data)
    run_mode                                 0x200006ac   Data           1  can_user.o(.data)
    .bss                                     0x200006b0   Section       50  main.o(.bss)
    .bss                                     0x200006e2   Section       50  uart_a72.o(.bss)
    .bss                                     0x20000714   Section      220  uart_drv.o(.bss)
    .bss                                     0x200007f0   Section      100  data_base.o(.bss)
    .bss                                     0x20000854   Section       64  data_filtering.o(.bss)
    _buff                                    0x2000086c   Data          40  data_filtering.o(.bss)
    .bss                                     0x20000894   Section       40  can_drv.o(.bss)
    TxMessage                                0x20000894   Data          20  can_drv.o(.bss)
    RxMessage                                0x200008a8   Data          20  can_drv.o(.bss)
    .bss                                     0x200008bc   Section      384  canp_hostcom.o(.bss)
    .bss                                     0x20000a3c   Section       40  hard_can.o(.bss)
    .bss                                     0x20000a64   Section      587  can_user.o(.bss)
    STACK                                    0x20000cb0   Section     1024  startup_stm32f40_41xxx.o(STACK)

    Global Symbols

    Symbol Name                              Value     Ov Type        Size  Object(Section)

    BuildAttributes$$THM_ISAv4$E$P$D$K$B$S$7EM$VFPi3$EXTD16$VFPS$VFMA$PE$A:L22UL41UL21$X:L11$S22US41US21$IEEE1$IW$USESV6$~STKCKD$USESV7$~SHL$OTIME$ROPI$EBA8$MICROLIB$REQ8$PRES8$EABIv2 0x00000000   Number         0  anon$$obj.o ABSOLUTE
    __ARM_use_no_argv                        0x00000000   Number         0  main.o ABSOLUTE
    __cpp_initialize__aeabi_                  - Undefined Weak Reference
    __cxa_finalize                            - Undefined Weak Reference
    _clock_init                               - Undefined Weak Reference
    _microlib_exit                            - Undefined Weak Reference
    __Vectors_Size                           0x00000188   Number         0  startup_stm32f40_41xxx.o ABSOLUTE
    __Vectors                                0x08000000   Data           4  startup_stm32f40_41xxx.o(RESET)
    __Vectors_End                            0x08000188   Data           0  startup_stm32f40_41xxx.o(RESET)
    __main                                   0x08000189   Thumb Code     0  entry.o(.ARM.Collect$$$$00000000)
    _main_stk                                0x08000189   Thumb Code     0  entry2.o(.ARM.Collect$$$$00000001)
    _main_scatterload                        0x0800018d   Thumb Code     0  entry5.o(.ARM.Collect$$$$00000004)
    __main_after_scatterload                 0x08000191   Thumb Code     0  entry5.o(.ARM.Collect$$$$00000004)
    _main_clock                              0x08000191   Thumb Code     0  entry7b.o(.ARM.Collect$$$$00000008)
    _main_cpp_init                           0x08000191   Thumb Code     0  entry8b.o(.ARM.Collect$$$$0000000A)
    _main_init                               0x08000191   Thumb Code     0  entry9a.o(.ARM.Collect$$$$0000000B)
    __rt_final_cpp                           0x08000199   Thumb Code     0  entry10a.o(.ARM.Collect$$$$0000000D)
    __rt_final_exit                          0x08000199   Thumb Code     0  entry11a.o(.ARM.Collect$$$$0000000F)
    Reset_Handler                            0x0800019d   Thumb Code     8  startup_stm32f40_41xxx.o(.text)
    NMI_Handler                              0x080001a5   Thumb Code     2  startup_stm32f40_41xxx.o(.text)
    HardFault_Handler                        0x080001a7   Thumb Code     2  startup_stm32f40_41xxx.o(.text)
    MemManage_Handler                        0x080001a9   Thumb Code     2  startup_stm32f40_41xxx.o(.text)
    BusFault_Handler                         0x080001ab   Thumb Code     2  startup_stm32f40_41xxx.o(.text)
    UsageFault_Handler                       0x080001ad   Thumb Code     2  startup_stm32f40_41xxx.o(.text)
    SVC_Handler                              0x080001af   Thumb Code     2  startup_stm32f40_41xxx.o(.text)
    DebugMon_Handler                         0x080001b1   Thumb Code     2  startup_stm32f40_41xxx.o(.text)
    PendSV_Handler                           0x080001b3   Thumb Code     2  startup_stm32f40_41xxx.o(.text)
    SysTick_Handler                          0x080001b5   Thumb Code     2  startup_stm32f40_41xxx.o(.text)
    ADC_IRQHandler                           0x080001b7   Thumb Code     0  startup_stm32f40_41xxx.o(.text)
    CAN1_RX0_IRQHandler                      0x080001b7   Thumb Code     0  startup_stm32f40_41xxx.o(.text)
    CAN1_RX1_IRQHandler                      0x080001b7   Thumb Code     0  startup_stm32f40_41xxx.o(.text)
    CAN1_SCE_IRQHandler                      0x080001b7   Thumb Code     0  startup_stm32f40_41xxx.o(.text)
    CAN1_TX_IRQHandler                       0x080001b7   Thumb Code     0  startup_stm32f40_41xxx.o(.text)
    CAN2_RX0_IRQHandler                      0x080001b7   Thumb Code     0  startup_stm32f40_41xxx.o(.text)
    CAN2_RX1_IRQHandler                      0x080001b7   Thumb Code     0  startup_stm32f40_41xxx.o(.text)
    CAN2_SCE_IRQHandler                      0x080001b7   Thumb Code     0  startup_stm32f40_41xxx.o(.text)
    CAN2_TX_IRQHandler                       0x080001b7   Thumb Code     0  startup_stm32f40_41xxx.o(.text)
    CRYP_IRQHandler                          0x080001b7   Thumb Code     0  startup_stm32f40_41xxx.o(.text)
    DCMI_IRQHandler                          0x080001b7   Thumb Code     0  startup_stm32f40_41xxx.o(.text)
    DMA1_Stream0_IRQHandler                  0x080001b7   Thumb Code     0  startup_stm32f40_41xxx.o(.text)
    DMA1_Stream1_IRQHandler                  0x080001b7   Thumb Code     0  startup_stm32f40_41xxx.o(.text)
    DMA1_Stream2_IRQHandler                  0x080001b7   Thumb Code     0  startup_stm32f40_41xxx.o(.text)
    DMA1_Stream3_IRQHandler                  0x080001b7   Thumb Code     0  startup_stm32f40_41xxx.o(.text)
    DMA1_Stream4_IRQHandler                  0x080001b7   Thumb Code     0  startup_stm32f40_41xxx.o(.text)
    DMA1_Stream5_IRQHandler                  0x080001b7   Thumb Code     0  startup_stm32f40_41xxx.o(.text)
    DMA1_Stream6_IRQHandler                  0x080001b7   Thumb Code     0  startup_stm32f40_41xxx.o(.text)
    DMA1_Stream7_IRQHandler                  0x080001b7   Thumb Code     0  startup_stm32f40_41xxx.o(.text)
    DMA2_Stream0_IRQHandler                  0x080001b7   Thumb Code     0  startup_stm32f40_41xxx.o(.text)
    DMA2_Stream1_IRQHandler                  0x080001b7   Thumb Code     0  startup_stm32f40_41xxx.o(.text)
    DMA2_Stream2_IRQHandler                  0x080001b7   Thumb Code     0  startup_stm32f40_41xxx.o(.text)
    DMA2_Stream3_IRQHandler                  0x080001b7   Thumb Code     0  startup_stm32f40_41xxx.o(.text)
    DMA2_Stream4_IRQHandler                  0x080001b7   Thumb Code     0  startup_stm32f40_41xxx.o(.text)
    DMA2_Stream5_IRQHandler                  0x080001b7   Thumb Code     0  startup_stm32f40_41xxx.o(.text)
    DMA2_Stream6_IRQHandler                  0x080001b7   Thumb Code     0  startup_stm32f40_41xxx.o(.text)
    DMA2_Stream7_IRQHandler                  0x080001b7   Thumb Code     0  startup_stm32f40_41xxx.o(.text)
    ETH_IRQHandler                           0x080001b7   Thumb Code     0  startup_stm32f40_41xxx.o(.text)
    ETH_WKUP_IRQHandler                      0x080001b7   Thumb Code     0  startup_stm32f40_41xxx.o(.text)
    EXTI0_IRQHandler                         0x080001b7   Thumb Code     0  startup_stm32f40_41xxx.o(.text)
    EXTI15_10_IRQHandler                     0x080001b7   Thumb Code     0  startup_stm32f40_41xxx.o(.text)
    EXTI1_IRQHandler                         0x080001b7   Thumb Code     0  startup_stm32f40_41xxx.o(.text)
    EXTI2_IRQHandler                         0x080001b7   Thumb Code     0  startup_stm32f40_41xxx.o(.text)
    EXTI3_IRQHandler                         0x080001b7   Thumb Code     0  startup_stm32f40_41xxx.o(.text)
    EXTI9_5_IRQHandler                       0x080001b7   Thumb Code     0  startup_stm32f40_41xxx.o(.text)
    FLASH_IRQHandler                         0x080001b7   Thumb Code     0  startup_stm32f40_41xxx.o(.text)
    FPU_IRQHandler                           0x080001b7   Thumb Code     0  startup_stm32f40_41xxx.o(.text)
    FSMC_IRQHandler                          0x080001b7   Thumb Code     0  startup_stm32f40_41xxx.o(.text)
    HASH_RNG_IRQHandler                      0x080001b7   Thumb Code     0  startup_stm32f40_41xxx.o(.text)
    I2C1_ER_IRQHandler                       0x080001b7   Thumb Code     0  startup_stm32f40_41xxx.o(.text)
    I2C1_EV_IRQHandler                       0x080001b7   Thumb Code     0  startup_stm32f40_41xxx.o(.text)
    I2C2_ER_IRQHandler                       0x080001b7   Thumb Code     0  startup_stm32f40_41xxx.o(.text)
    I2C2_EV_IRQHandler                       0x080001b7   Thumb Code     0  startup_stm32f40_41xxx.o(.text)
    I2C3_ER_IRQHandler                       0x080001b7   Thumb Code     0  startup_stm32f40_41xxx.o(.text)
    I2C3_EV_IRQHandler                       0x080001b7   Thumb Code     0  startup_stm32f40_41xxx.o(.text)
    OTG_FS_IRQHandler                        0x080001b7   Thumb Code     0  startup_stm32f40_41xxx.o(.text)
    OTG_FS_WKUP_IRQHandler                   0x080001b7   Thumb Code     0  startup_stm32f40_41xxx.o(.text)
    OTG_HS_EP1_IN_IRQHandler                 0x080001b7   Thumb Code     0  startup_stm32f40_41xxx.o(.text)
    OTG_HS_EP1_OUT_IRQHandler                0x080001b7   Thumb Code     0  startup_stm32f40_41xxx.o(.text)
    OTG_HS_IRQHandler                        0x080001b7   Thumb Code     0  startup_stm32f40_41xxx.o(.text)
    OTG_HS_WKUP_IRQHandler                   0x080001b7   Thumb Code     0  startup_stm32f40_41xxx.o(.text)
    PVD_IRQHandler                           0x080001b7   Thumb Code     0  startup_stm32f40_41xxx.o(.text)
    RCC_IRQHandler                           0x080001b7   Thumb Code     0  startup_stm32f40_41xxx.o(.text)
    RTC_Alarm_IRQHandler                     0x080001b7   Thumb Code     0  startup_stm32f40_41xxx.o(.text)
    RTC_WKUP_IRQHandler                      0x080001b7   Thumb Code     0  startup_stm32f40_41xxx.o(.text)
    SDIO_IRQHandler                          0x080001b7   Thumb Code     0  startup_stm32f40_41xxx.o(.text)
    SPI1_IRQHandler                          0x080001b7   Thumb Code     0  startup_stm32f40_41xxx.o(.text)
    SPI2_IRQHandler                          0x080001b7   Thumb Code     0  startup_stm32f40_41xxx.o(.text)
    SPI3_IRQHandler                          0x080001b7   Thumb Code     0  startup_stm32f40_41xxx.o(.text)
    TAMP_STAMP_IRQHandler                    0x080001b7   Thumb Code     0  startup_stm32f40_41xxx.o(.text)
    TIM1_CC_IRQHandler                       0x080001b7   Thumb Code     0  startup_stm32f40_41xxx.o(.text)
    TIM1_TRG_COM_TIM11_IRQHandler            0x080001b7   Thumb Code     0  startup_stm32f40_41xxx.o(.text)
    TIM2_IRQHandler                          0x080001b7   Thumb Code     0  startup_stm32f40_41xxx.o(.text)
    TIM3_IRQHandler                          0x080001b7   Thumb Code     0  startup_stm32f40_41xxx.o(.text)
    TIM4_IRQHandler                          0x080001b7   Thumb Code     0  startup_stm32f40_41xxx.o(.text)
    TIM5_IRQHandler                          0x080001b7   Thumb Code     0  startup_stm32f40_41xxx.o(.text)
    TIM8_BRK_TIM12_IRQHandler                0x080001b7   Thumb Code     0  startup_stm32f40_41xxx.o(.text)
    TIM8_CC_IRQHandler                       0x080001b7   Thumb Code     0  startup_stm32f40_41xxx.o(.text)
    TIM8_TRG_COM_TIM14_IRQHandler            0x080001b7   Thumb Code     0  startup_stm32f40_41xxx.o(.text)
    TIM8_UP_TIM13_IRQHandler                 0x080001b7   Thumb Code     0  startup_stm32f40_41xxx.o(.text)
    UART5_IRQHandler                         0x080001b7   Thumb Code     0  startup_stm32f40_41xxx.o(.text)
    USART3_IRQHandler                        0x080001b7   Thumb Code     0  startup_stm32f40_41xxx.o(.text)
    USART6_IRQHandler                        0x080001b7   Thumb Code     0  startup_stm32f40_41xxx.o(.text)
    WWDG_IRQHandler                          0x080001b7   Thumb Code     0  startup_stm32f40_41xxx.o(.text)
    __aeabi_memcpy                           0x080001c1   Thumb Code    36  memcpya.o(.text)
    __aeabi_memcpy4                          0x080001c1   Thumb Code     0  memcpya.o(.text)
    __aeabi_memcpy8                          0x080001c1   Thumb Code     0  memcpya.o(.text)
    __aeabi_memset                           0x080001e5   Thumb Code    14  memseta.o(.text)
    __aeabi_memset4                          0x080001e5   Thumb Code     0  memseta.o(.text)
    __aeabi_memset8                          0x080001e5   Thumb Code     0  memseta.o(.text)
    __aeabi_memclr                           0x080001f3   Thumb Code     4  memseta.o(.text)
    __aeabi_memclr4                          0x080001f3   Thumb Code     0  memseta.o(.text)
    __aeabi_memclr8                          0x080001f3   Thumb Code     0  memseta.o(.text)
    _memset$wrapper                          0x080001f7   Thumb Code    18  memseta.o(.text)
    strncpy                                  0x08000209   Thumb Code    24  strncpy.o(.text)
    strlen                                   0x08000221   Thumb Code    14  strlen.o(.text)
    __aeabi_dadd                             0x0800022f   Thumb Code   322  dadd.o(.text)
    __aeabi_dsub                             0x08000371   Thumb Code     6  dadd.o(.text)
    __aeabi_drsub                            0x08000377   Thumb Code     6  dadd.o(.text)
    __aeabi_dmul                             0x0800037d   Thumb Code   228  dmul.o(.text)
    __aeabi_ddiv                             0x08000461   Thumb Code   222  ddiv.o(.text)
    __aeabi_f2d                              0x0800053f   Thumb Code    38  f2d.o(.text)
    __aeabi_d2f                              0x08000565   Thumb Code    56  d2f.o(.text)
    __aeabi_llsl                             0x0800059d   Thumb Code    30  llshl.o(.text)
    _ll_shift_l                              0x0800059d   Thumb Code     0  llshl.o(.text)
    __aeabi_llsr                             0x080005bb   Thumb Code    32  llushr.o(.text)
    _ll_ushift_r                             0x080005bb   Thumb Code     0  llushr.o(.text)
    __aeabi_lasr                             0x080005db   Thumb Code    36  llsshr.o(.text)
    _ll_sshift_r                             0x080005db   Thumb Code     0  llsshr.o(.text)
    __I$use$fp                               0x080005ff   Thumb Code     0  iusefp.o(.text)
    _float_round                             0x080005ff   Thumb Code    18  fepilogue.o(.text)
    _float_epilogue                          0x08000611   Thumb Code    92  fepilogue.o(.text)
    _double_round                            0x0800066d   Thumb Code    30  depilogue.o(.text)
    _double_epilogue                         0x0800068b   Thumb Code   156  depilogue.o(.text)
    __scatterload                            0x08000729   Thumb Code    28  init.o(.text)
    __scatterload_rt2                        0x08000729   Thumb Code     0  init.o(.text)
    __decompress                             0x0800074d   Thumb Code     0  __dclz77c.o(.text)
    __decompress2                            0x0800074d   Thumb Code    94  __dclz77c.o(.text)
    ADC_ClearFlag                            0x080007ab   Thumb Code     6  stm32f4xx_adc.o(i.ADC_ClearFlag)
    ADC_Cmd                                  0x080007b1   Thumb Code    22  stm32f4xx_adc.o(i.ADC_Cmd)
    ADC_CommonInit                           0x080007c9   Thumb Code    34  stm32f4xx_adc.o(i.ADC_CommonInit)
    ADC_Configure                            0x080007f9   Thumb Code   132  power_check.o(i.ADC_Configure)
    ADC_GetConversionValue                   0x08000885   Thumb Code     8  stm32f4xx_adc.o(i.ADC_GetConversionValue)
    ADC_GetFlagStatus                        0x0800088d   Thumb Code    18  stm32f4xx_adc.o(i.ADC_GetFlagStatus)
    ADC_Init                                 0x080008a1   Thumb Code    74  stm32f4xx_adc.o(i.ADC_Init)
    ADC_RegularChannelConfig                 0x080008f5   Thumb Code   184  stm32f4xx_adc.o(i.ADC_RegularChannelConfig)
    ADC_SoftwareStartConv                    0x080009ad   Thumb Code    10  stm32f4xx_adc.o(i.ADC_SoftwareStartConv)
    Abnormal_data                            0x080009b9   Thumb Code   142  can_user.o(i.Abnormal_data)
    BH1750_Configure                         0x08000a55   Thumb Code    20  bh1750.o(i.BH1750_Configure)
    BH1750_PortInit                          0x08000a6d   Thumb Code    74  bh1750.o(i.BH1750_PortInit)
    BH1750_RecvACK                           0x08000abd   Thumb Code    42  bh1750.o(i.BH1750_RecvACK)
    BH1750_RecvByte                          0x08000af1   Thumb Code    74  bh1750.o(i.BH1750_RecvByte)
    BH1750_SendACK                           0x08000b45   Thumb Code    54  bh1750.o(i.BH1750_SendACK)
    BH1750_SendByte                          0x08000b85   Thumb Code    78  bh1750.o(i.BH1750_SendByte)
    BH1750_Start                             0x08000bdd   Thumb Code    46  bh1750.o(i.BH1750_Start)
    BH1750_Stop                              0x08000c15   Thumb Code    40  bh1750.o(i.BH1750_Stop)
    CAN_DeInit                               0x08000c45   Thumb Code    50  stm32f4xx_can.o(i.CAN_DeInit)
    CAN_FilterInit                           0x08000c7d   Thumb Code   258  stm32f4xx_can.o(i.CAN_FilterInit)
    CAN_ITConfig                             0x08000d85   Thumb Code    18  stm32f4xx_can.o(i.CAN_ITConfig)
    CAN_Init                                 0x08000d97   Thumb Code   276  stm32f4xx_can.o(i.CAN_Init)
    CAN_MessagePending                       0x08000eab   Thumb Code    30  stm32f4xx_can.o(i.CAN_MessagePending)
    CAN_Receive                              0x08000ec9   Thumb Code   240  stm32f4xx_can.o(i.CAN_Receive)
    CAN_Transmit                             0x08000fb9   Thumb Code   294  stm32f4xx_can.o(i.CAN_Transmit)
    CAN_TransmitStatus                       0x080010e1   Thumb Code   138  stm32f4xx_can.o(i.CAN_TransmitStatus)
    CalulateCRC                              0x08001181   Thumb Code   108  rc522.o(i.CalulateCRC)
    CanDrv_FiterUpdata                       0x080011ed   Thumb Code   616  can_drv.o(i.CanDrv_FiterUpdata)
    CanDrv_RxCheck                           0x080014c1   Thumb Code    12  can_drv.o(i.CanDrv_RxCheck)
    CanDrv_RxGetMeesage                      0x080014d1   Thumb Code    34  can_drv.o(i.CanDrv_RxGetMeesage)
    CanDrv_TxData                            0x080014f9   Thumb Code   106  can_drv.o(i.CanDrv_TxData)
    CanDrv_TxEmptyCheck                      0x0800156d   Thumb Code    18  can_drv.o(i.CanDrv_TxEmptyCheck)
    CanDrv_WhaitTxEmpty                      0x08001585   Thumb Code    14  can_drv.o(i.CanDrv_WhaitTxEmpty)
    CanP_CanRx_Check                         0x08001593   Thumb Code    18  canp_hostcom.o(i.CanP_CanRx_Check)
    CanP_CanRx_Irq                           0x080015a5   Thumb Code   146  canp_hostcom.o(i.CanP_CanRx_Irq)
    CanP_CanRx_TrackUp                       0x08001655   Thumb Code    14  canp_hostcom.o(i.CanP_CanRx_TrackUp)
    CanP_CanTx_Check                         0x08001669   Thumb Code   128  canp_hostcom.o(i.CanP_CanTx_Check)
    CanP_FifoInit                            0x080016f9   Thumb Code    54  canp_hostcom.o(i.CanP_FifoInit)
    CanP_FifoInitS                           0x08001759   Thumb Code    22  canp_hostcom.o(i.CanP_FifoInitS)
    CanP_Host_Main                           0x08001771   Thumb Code   228  canp_hostcom.o(i.CanP_Host_Main)
    CanP_Init                                0x08001879   Thumb Code    26  canp_hostcom.o(i.CanP_Init)
    Can_WifiRx_Check                         0x080018a1   Thumb Code  1504  can_user.o(i.Can_WifiRx_Check)
    Can_WifiRx_Save                          0x08001f01   Thumb Code    66  can_user.o(i.Can_WifiRx_Save)
    Can_ZigBeeRx_Check                       0x08001f55   Thumb Code   392  can_user.o(i.Can_ZigBeeRx_Check)
    Can_ZigBeeRx_Save                        0x080020f9   Thumb Code    66  can_user.o(i.Can_ZigBeeRx_Save)
    Can_check_Init                           0x0800214d   Thumb Code    92  can_check.o(i.Can_check_Init)
    Canuser_main                             0x080021ad   Thumb Code    12  can_user.o(i.Canuser_main)
    Cba_Init                                 0x080021b9   Thumb Code   112  cba.o(i.Cba_Init)
    ClearBitMask                             0x08002231   Thumb Code    28  rc522.o(i.ClearBitMask)
    Control                                  0x0800224d   Thumb Code    92  roadway_check.o(i.Control)
    EXTI4_IRQHandler                         0x080022a9   Thumb Code   130  ultrasonic.o(i.EXTI4_IRQHandler)
    EXTI_ClearITPendingBit                   0x08002351   Thumb Code     6  stm32f4xx_exti.o(i.EXTI_ClearITPendingBit)
    EXTI_GetITStatus                         0x0800235d   Thumb Code    20  stm32f4xx_exti.o(i.EXTI_GetITStatus)
    EXTI_Init                                0x08002375   Thumb Code   142  stm32f4xx_exti.o(i.EXTI_Init)
    Electricity_Init                         0x08002409   Thumb Code    12  power_check.o(i.Electricity_Init)
    FifoDrv_BufRead                          0x08002415   Thumb Code    42  fifo_drv.o(i.FifoDrv_BufRead)
    FifoDrv_BufWrite                         0x0800243f   Thumb Code    40  fifo_drv.o(i.FifoDrv_BufWrite)
    FifoDrv_CheckReadEn                      0x08002467   Thumb Code    48  fifo_drv.o(i.FifoDrv_CheckReadEn)
    FifoDrv_CheckWriteEn                     0x08002497   Thumb Code    28  fifo_drv.o(i.FifoDrv_CheckWriteEn)
    FifoDrv_Init                             0x080024b3   Thumb Code    36  fifo_drv.o(i.FifoDrv_Init)
    FifoDrv_ReadOne                          0x080024d7   Thumb Code    48  fifo_drv.o(i.FifoDrv_ReadOne)
    FifoDrv_StructCheck                      0x08002507   Thumb Code    36  fifo_drv.o(i.FifoDrv_StructCheck)
    FifoDrv_WriteOne                         0x0800252b   Thumb Code    44  fifo_drv.o(i.FifoDrv_WriteOne)
    Full                                     0x08002559   Thumb Code  5772  can_user.o(i.Full)
    GPIO_Init                                0x08003bfd   Thumb Code   144  stm32f4xx_gpio.o(i.GPIO_Init)
    GPIO_PinAFConfig                         0x08003c8d   Thumb Code    70  stm32f4xx_gpio.o(i.GPIO_PinAFConfig)
    GPIO_ReadInputDataBit                    0x08003cd3   Thumb Code    18  stm32f4xx_gpio.o(i.GPIO_ReadInputDataBit)
    GPIO_ResetBits                           0x08003ce5   Thumb Code     4  stm32f4xx_gpio.o(i.GPIO_ResetBits)
    GPIO_SetBits                             0x08003ce9   Thumb Code     4  stm32f4xx_gpio.o(i.GPIO_SetBits)
    Get_ADC_Value                            0x08003ced   Thumb Code    38  power_check.o(i.Get_ADC_Value)
    Get_Bh_Value                             0x08003d19   Thumb Code    98  bh1750.o(i.Get_Bh_Value)
    Get_Electricity                          0x08003d89   Thumb Code    38  power_check.o(i.Get_Electricity)
    Get_Host_UpTrack                         0x08003db1   Thumb Code    48  canp_hostcom.o(i.Get_Host_UpTrack)
    Get_tba_phsis_value                      0x08003de5   Thumb Code    14  tba.o(i.Get_tba_phsis_value)
    Go_and_Back_Check                        0x08003df9   Thumb Code    86  roadway_check.o(i.Go_and_Back_Check)
    Hard_Can_Init                            0x08003e61   Thumb Code   284  hard_can.o(i.Hard_Can_Init)
    Hard_Can_SpeedMode                       0x08003f8d   Thumb Code    30  hard_can.o(i.Hard_Can_SpeedMode)
    Hard_Can_While                           0x08003fb1   Thumb Code     8  hard_can.o(i.Hard_Can_While)
    Hard_Uart_MurtSel                        0x08003fb9   Thumb Code    30  uart_a72.o(i.Hard_Uart_MurtSel)
    Hardware_Init                            0x08003fdd   Thumb Code    82  main.o(i.Hardware_Init)
    Host_Receive_UpTrack                     0x08004031   Thumb Code     8  canp_hostcom.o(i.Host_Receive_UpTrack)
    Infrared_Init                            0x0800403d   Thumb Code    56  infrared.o(i.Infrared_Init)
    Infrared_Send                            0x0800407d   Thumb Code   170  infrared.o(i.Infrared_Send)
    InitRc522                                0x08004131   Thumb Code    28  rc522.o(i.InitRc522)
    KEY_Check                                0x0800414d   Thumb Code   390  main.o(i.KEY_Check)
    M500PcdConfigISOType                     0x08004305   Thumb Code    92  rc522.o(i.M500PcdConfigISOType)
    MLib_GetSub                              0x08004361   Thumb Code    14  power_check.o(i.MLib_GetSub)
    Multiple_Read_BH1750                     0x08004371   Thumb Code    56  bh1750.o(i.Multiple_Read_BH1750)
    NVIC_Init                                0x080043ad   Thumb Code   106  misc.o(i.NVIC_Init)
    NVIC_PriorityGroupConfig                 0x08004425   Thumb Code    10  misc.o(i.NVIC_PriorityGroupConfig)
    Normal_data                              0x08004439   Thumb Code    70  can_user.o(i.Normal_data)
    Parameter_Init                           0x08004489   Thumb Code    98  power_check.o(i.Parameter_Init)
    PcdAntennaOff                            0x08004505   Thumb Code    12  rc522.o(i.PcdAntennaOff)
    PcdAntennaOn                             0x08004511   Thumb Code    26  rc522.o(i.PcdAntennaOn)
    PcdAnticoll                              0x0800452b   Thumb Code   112  rc522.o(i.PcdAnticoll)
    PcdAuthState                             0x0800459b   Thumb Code   110  rc522.o(i.PcdAuthState)
    PcdComMF522                              0x08004609   Thumb Code   306  rc522.o(i.PcdComMF522)
    PcdRead                                  0x0800473b   Thumb Code    84  rc522.o(i.PcdRead)
    PcdRequest                               0x0800478f   Thumb Code    84  rc522.o(i.PcdRequest)
    PcdReset                                 0x080047e3   Thumb Code    68  rc522.o(i.PcdReset)
    PcdSelect                                0x08004827   Thumb Code   114  rc522.o(i.PcdSelect)
    PcdWrite                                 0x08004899   Thumb Code   146  rc522.o(i.PcdWrite)
    Power_Check                              0x0800492d   Thumb Code   336  power_check.o(i.Power_Check)
    RC522_Search_Card                        0x08004a99   Thumb Code    24  rc522.o(i.RC522_Search_Card)
    RC522_Uart_init                          0x08004ab1   Thumb Code   170  rc522.o(i.RC522_Uart_init)
    RCC_AHB1PeriphClockCmd                   0x08004b65   Thumb Code    26  stm32f4xx_rcc.o(i.RCC_AHB1PeriphClockCmd)
    RCC_APB1PeriphClockCmd                   0x08004b85   Thumb Code    26  stm32f4xx_rcc.o(i.RCC_APB1PeriphClockCmd)
    RCC_APB1PeriphResetCmd                   0x08004ba5   Thumb Code    26  stm32f4xx_rcc.o(i.RCC_APB1PeriphResetCmd)
    RCC_APB2PeriphClockCmd                   0x08004bc5   Thumb Code    26  stm32f4xx_rcc.o(i.RCC_APB2PeriphClockCmd)
    RCC_APB2PeriphResetCmd                   0x08004be5   Thumb Code    26  stm32f4xx_rcc.o(i.RCC_APB2PeriphResetCmd)
    RCC_GetClocksFreq                        0x08004c05   Thumb Code   214  stm32f4xx_rcc.o(i.RCC_GetClocksFreq)
    RW_Card                                  0x08004ced   Thumb Code   116  rc522.o(i.RW_Card)
    ReadRawRC                                0x08004d69   Thumb Code    42  rc522.o(i.ReadRawRC)
    Readcard_daivce_Init                     0x08004d93   Thumb Code    24  rc522.o(i.Readcard_daivce_Init)
    Rece_data                                0x08004dad   Thumb Code    34  rc522.o(i.Rece_data)
    Roadway_Check                            0x08004dd9   Thumb Code    28  roadway_check.o(i.Roadway_Check)
    Roadway_Flag_clean                       0x08004df5   Thumb Code    36  roadway_check.o(i.Roadway_Flag_clean)
    Roadway_mp_Get                           0x08004e39   Thumb Code    62  roadway_check.o(i.Roadway_mp_Get)
    Roadway_mp_syn                           0x08004e81   Thumb Code    12  roadway_check.o(i.Roadway_mp_syn)
    Roadway_nav_Get                          0x08004e95   Thumb Code    58  roadway_check.o(i.Roadway_nav_Get)
    Roadway_nav_syn                          0x08004ed9   Thumb Code    10  roadway_check.o(i.Roadway_nav_syn)
    SDA_IN                                   0x08004eed   Thumb Code    28  bh1750.o(i.SDA_IN)
    SDA_OUT                                  0x08004f0d   Thumb Code    34  bh1750.o(i.SDA_OUT)
    SYN7318_Get_String                       0x08004f35   Thumb Code    26  syn7318.o(i.SYN7318_Get_String)
    SYN7318_Get_char                         0x08004f51   Thumb Code    36  syn7318.o(i.SYN7318_Get_char)
    SYN7318_Init                             0x08004f79   Thumb Code    76  syn7318.o(i.SYN7318_Init)
    SYN7318_Put_Char                         0x08004fc9   Thumb Code    12  syn7318.o(i.SYN7318_Put_Char)
    SYN7318_Put_String                       0x08004fd5   Thumb Code    26  syn7318.o(i.SYN7318_Put_String)
    SYN7318_Rst                              0x08004ff1   Thumb Code    40  syn7318.o(i.SYN7318_Rst)
    SYN7318_Test                             0x0800501d   Thumb Code   274  syn7318.o(i.SYN7318_Test)
    SYN_7318_One_test                        0x08005181   Thumb Code   484  syn7318.o(i.SYN_7318_One_test)
    SYN_TTS                                  0x08005445   Thumb Code   174  syn7318.o(i.SYN_TTS)
    SYSCFG_EXTILineConfig                    0x08005519   Thumb Code    60  stm32f4xx_syscfg.o(i.SYSCFG_EXTILineConfig)
    Send_Debug_Info                          0x08005559   Thumb Code    30  canp_hostcom.o(i.Send_Debug_Info)
    Send_Electric                            0x08005577   Thumb Code    46  canp_hostcom.o(i.Send_Electric)
    Send_InfoData_To_Fifo                    0x080055a5   Thumb Code    18  canp_hostcom.o(i.Send_InfoData_To_Fifo)
    Send_UpMotor                             0x080055bd   Thumb Code    52  canp_hostcom.o(i.Send_UpMotor)
    Send_WifiData_To_Fifo                    0x080055f1   Thumb Code    18  canp_hostcom.o(i.Send_WifiData_To_Fifo)
    Send_ZigBee_Info                         0x08005609   Thumb Code    30  canp_hostcom.o(i.Send_ZigBee_Info)
    Send_ZigbeeData_To_Fifo                  0x08005629   Thumb Code    18  canp_hostcom.o(i.Send_ZigbeeData_To_Fifo)
    Send_data                                0x08005641   Thumb Code    46  rc522.o(i.Send_data)
    SetBitMask                               0x08005675   Thumb Code    28  rc522.o(i.SetBitMask)
    Set_tba_Beep                             0x0800577d   Thumb Code    32  tba.o(i.Set_tba_Beep)
    Set_tba_WheelLED                         0x080057a1   Thumb Code    72  tba.o(i.Set_tba_WheelLED)
    Single_Write_BH1750                      0x080057ed   Thumb Code    26  bh1750.o(i.Single_Write_BH1750)
    Smoothing_Filtering                      0x08005809   Thumb Code    52  data_filtering.o(i.Smoothing_Filtering)
    Status_Query                             0x08005841   Thumb Code    60  syn7318.o(i.Status_Query)
    SysTick_CLKSourceConfig                  0x08005885   Thumb Code    40  misc.o(i.SysTick_CLKSourceConfig)
    SystemInit                               0x080058ad   Thumb Code    88  system_stm32f4xx.o(i.SystemInit)
    TIM1_BRK_TIM9_IRQHandler                 0x08005915   Thumb Code    28  roadway_check.o(i.TIM1_BRK_TIM9_IRQHandler)
    TIM1_UP_TIM10_IRQHandler                 0x08005935   Thumb Code    34  timer.o(i.TIM1_UP_TIM10_IRQHandler)
    TIM6_DAC_IRQHandler                      0x08005961   Thumb Code    34  ultrasonic.o(i.TIM6_DAC_IRQHandler)
    TIM7_IRQHandler                          0x0800598d   Thumb Code    28  can_check.o(i.TIM7_IRQHandler)
    TIM_ClearITPendingBit                    0x080059ad   Thumb Code     6  stm32f4xx_tim.o(i.TIM_ClearITPendingBit)
    TIM_Cmd                                  0x080059b3   Thumb Code    24  stm32f4xx_tim.o(i.TIM_Cmd)
    TIM_GetITStatus                          0x080059cb   Thumb Code    34  stm32f4xx_tim.o(i.TIM_GetITStatus)
    TIM_ITConfig                             0x080059ed   Thumb Code    18  stm32f4xx_tim.o(i.TIM_ITConfig)
    TIM_TimeBaseInit                         0x08005a01   Thumb Code   104  stm32f4xx_tim.o(i.TIM_TimeBaseInit)
    Tba_Beep_Config                          0x08005a85   Thumb Code    46  tba.o(i.Tba_Beep_Config)
    Tba_Init                                 0x08005ab9   Thumb Code    16  tba.o(i.Tba_Init)
    Tba_Photoresistance_Config               0x08005ac9   Thumb Code    38  tba.o(i.Tba_Photoresistance_Config)
    Tba_WheelLED_Config                      0x08005af5   Thumb Code    46  tba.o(i.Tba_WheelLED_Config)
    Timer_Init                               0x08005b29   Thumb Code    92  timer.o(i.Timer_Init)
    Track                                    0x08005b89   Thumb Code   462  roadway_check.o(i.Track)
    Track_Check                              0x08005d79   Thumb Code    26  roadway_check.o(i.Track_Check)
    Track_mp                                 0x08005d99   Thumb Code   498  roadway_check.o(i.Track_mp)
    Track_mp_Check                           0x08005fb1   Thumb Code    28  roadway_check.o(i.Track_mp_Check)
    U6SendChar                               0x08005fd1   Thumb Code    32  syn7318.o(i.U6SendChar)
    U8ToU16                                  0x08005ff5   Thumb Code    16  my_lib.o(i.U8ToU16)
    U8ToU16_Big                              0x08006005   Thumb Code    16  my_lib.o(i.U8ToU16_Big)
    UART4_IRQHandler                         0x08006015   Thumb Code    10  uart_a72.o(i.UART4_IRQHandler)
    USART1_IRQHandler                        0x08006025   Thumb Code    32  rc522.o(i.USART1_IRQHandler)
    USART2_IRQHandler                        0x0800604d   Thumb Code   104  uart_a72.o(i.USART2_IRQHandler)
    USART6_Init                              0x080060c9   Thumb Code   142  syn7318.o(i.USART6_Init)
    USART_ClearFlag                          0x08006161   Thumb Code    18  stm32f4xx_usart.o(i.USART_ClearFlag)
    USART_ClearITPendingBit                  0x08006173   Thumb Code    30  stm32f4xx_usart.o(i.USART_ClearITPendingBit)
    USART_Cmd                                0x08006191   Thumb Code    24  stm32f4xx_usart.o(i.USART_Cmd)
    USART_GetFlagStatus                      0x080061a9   Thumb Code    26  stm32f4xx_usart.o(i.USART_GetFlagStatus)
    USART_GetITStatus                        0x080061c3   Thumb Code    84  stm32f4xx_usart.o(i.USART_GetITStatus)
    USART_ITConfig                           0x08006217   Thumb Code    74  stm32f4xx_usart.o(i.USART_ITConfig)
    USART_Init                               0x08006261   Thumb Code   204  stm32f4xx_usart.o(i.USART_Init)
    USART_ReceiveData                        0x08006335   Thumb Code    10  stm32f4xx_usart.o(i.USART_ReceiveData)
    USART_SendData                           0x0800633f   Thumb Code     8  stm32f4xx_usart.o(i.USART_SendData)
    UartA72_Init                             0x08006349   Thumb Code    76  uart_a72.o(i.UartA72_Init)
    UartA72_TxAddStr                         0x080063a5   Thumb Code    26  uart_a72.o(i.UartA72_TxAddStr)
    UartA72_TxClear                          0x080063c9   Thumb Code    16  uart_a72.o(i.UartA72_TxClear)
    UartA72_TxStart                          0x080063e1   Thumb Code    10  uart_a72.o(i.UartA72_TxStart)
    UartTx_AddBuf                            0x080063f1   Thumb Code    54  uart_drv.o(i.UartTx_AddBuf)
    UartTx_Clear                             0x0800642d   Thumb Code    52  uart_drv.o(i.UartTx_Clear)
    UartTx_Start                             0x08006465   Thumb Code    44  uart_drv.o(i.UartTx_Start)
    Uart_A72_PortInit                        0x08006495   Thumb Code   286  uart_a72.o(i.Uart_A72_PortInit)
    Uart_Irq                                 0x080065c9   Thumb Code   230  uart_drv.o(i.Uart_Irq)
    Ultrasonic_EXTI                          0x080066c1   Thumb Code    86  ultrasonic.o(i.Ultrasonic_EXTI)
    Ultrasonic_Init                          0x08006717   Thumb Code    20  ultrasonic.o(i.Ultrasonic_Init)
    Ultrasonic_Port                          0x0800672d   Thumb Code    94  ultrasonic.o(i.Ultrasonic_Port)
    Ultrasonic_Ranging                       0x08006795   Thumb Code    64  ultrasonic.o(i.Ultrasonic_Ranging)
    Ultrasonic_TIM                           0x080067e5   Thumb Code    84  ultrasonic.o(i.Ultrasonic_TIM)
    WriteRawRC                               0x0800683d   Thumb Code    34  rc522.o(i.WriteRawRC)
    Yu_Yin_Asr                               0x08006861   Thumb Code  1966  syn7318.o(i.Yu_Yin_Asr)
    __scatterload_copy                       0x08007119   Thumb Code    14  handlers.o(i.__scatterload_copy)
    __scatterload_null                       0x08007127   Thumb Code     2  handlers.o(i.__scatterload_null)
    __scatterload_zeroinit                   0x08007129   Thumb Code    14  handlers.o(i.__scatterload_zeroinit)
    back                                     0x08007139   Thumb Code    92  full_routine.o(i.back)
    delay_LR                                 0x080071c5   Thumb Code   164  roadway_check.o(i.delay_LR)
    delay_init                               0x08007285   Thumb Code    52  delay.o(i.delay_init)
    delay_ms                                 0x080072c1   Thumb Code    72  delay.o(i.delay_ms)
    delay_ns                                 0x0800730d   Thumb Code    18  rc522.o(i.delay_ns)
    delay_us                                 0x08007321   Thumb Code    72  delay.o(i.delay_us)
    go                                       0x0800736d   Thumb Code    86  full_routine.o(i.go)
    go_readcard                              0x080073f5   Thumb Code   208  full_routine.o(i.go_readcard)
    go_track                                 0x080074fd   Thumb Code   106  full_routine.o(i.go_track)
    go_track_mp                              0x08007595   Thumb Code   138  full_routine.o(i.go_track_mp)
    gt_get                                   0x08007651   Thumb Code     6  timer.o(i.gt_get)
    gt_get_sub                               0x0800765d   Thumb Code    20  timer.o(i.gt_get_sub)
    hex2ascii                                0x08007675   Thumb Code   154  can_user.o(i.hex2ascii)
    main                                     0x08007711   Thumb Code   424  main.o(i.main)
    mode                                     0x080078f1   Thumb Code    50  full_routine.o(i.mode)
    roadway_check_TimInit                    0x08007925   Thumb Code    92  roadway_check.o(i.roadway_check_TimInit)
    turn_left                                0x08007985   Thumb Code    76  full_routine.o(i.turn_left)
    turn_right                               0x080079fd   Thumb Code    78  full_routine.o(i.turn_right)
    wheel_Nav_check                          0x08007a79   Thumb Code    58  roadway_check.o(i.wheel_Nav_check)
    wheel_mp_check                           0x08007ac5   Thumb Code   226  roadway_check.o(i.wheel_mp_check)
    bit_tab                                  0x08007bb8   Data         128  my_lib.o(.constdata)
    bit_and_tab                              0x08007c38   Data         128  my_lib.o(.constdata)
    bit4_lowhig                              0x08007cb8   Data          16  my_lib.o(.constdata)
    Region$$Table$$Base                      0x08007cc8   Number         0  anon$$obj.o(Region$$Table)
    Region$$Table$$Limit                     0x08007ce8   Number         0  anon$$obj.o(Region$$Table)
    main_cont                                0x2000015a   Data           2  main.o(.data)
    premise_flag                             0x2000015c   Data           1  main.o(.data)
    rfid_return_premit                       0x2000015d   Data           1  main.o(.data)
    delay_Left_flag_old                      0x2000015e   Data           1  main.o(.data)
    delay_Left_flag                          0x2000015f   Data           1  main.o(.data)
    delay_Right_flag_old                     0x20000160   Data           1  main.o(.data)
    delay_Right_flag                         0x20000161   Data           1  main.o(.data)
    QR_flag                                  0x20000162   Data           1  main.o(.data)
    _display                                 0x20000163   Data           6  main.o(.data)
    _display1                                0x20000169   Data           6  main.o(.data)
    Light_Value                              0x20000170   Data           2  main.o(.data)
    TEMP_FIND_OK                             0x20000172   Data           1  main.o(.data)
    delay_Turn                               0x20000184   Data           4  main.o(.data)
    Back                                     0x200002e2   Data           4  syn7318.o(.data)
    ASR                                      0x200002e6   Data           6  syn7318.o(.data)
    S                                        0x200002ec   Data           4  syn7318.o(.data)
    Wake_Up                                  0x200002f0   Data           5  syn7318.o(.data)
    Stop_Wake_Up                             0x200002f5   Data           4  syn7318.o(.data)
    Start_ASR_Buf                            0x200002f9   Data           5  syn7318.o(.data)
    Stop_ASR_Buf                             0x200002fe   Data           4  syn7318.o(.data)
    Play_MP3                                 0x20000302   Data          33  syn7318.o(.data)
    Ysn7813_flag                             0x20000323   Data           1  syn7318.o(.data)
    Start_ASR_One_Buf                        0x20000324   Data           5  syn7318.o(.data)
    Ultrasonic_Value                         0x20000344   Data           4  ultrasonic.o(.data)
    Ultrasonic_Num                           0x20000348   Data           4  ultrasonic.o(.data)
    dis                                      0x2000034c   Data           2  ultrasonic.o(.data)
    BUF                                      0x2000034e   Data           4  bh1750.o(.data)
    Electric_Buf                             0x20000354   Data           2  power_check.o(.data)
    Pa                                       0x20000358   Data           4  power_check.o(.data)
    Pb                                       0x2000035c   Data           4  power_check.o(.data)
    pwr_ck_l                                 0x20000360   Data           1  power_check.o(.data)
    pwr_ck_r                                 0x20000361   Data           1  power_check.o(.data)
    temp                                     0x20000362   Data           2  power_check.o(.data)
    temp2                                    0x20000364   Data           2  power_check.o(.data)
    temp_value                               0x20000366   Data           1  power_check.o(.data)
    Uart_A72_TxEmpty                         0x20000367   Data           1  uart_a72.o(.data)
    FifuBuf_A72_SRx                          0x20000368   Data           2  uart_a72.o(.data)
    uart_prot_buf                            0x20000370   Data          24  uart_drv.o(.data)
    U1_REV_FLAG                              0x20000388   Data           1  rc522.o(.data)
    TXRFID                                   0x20000389   Data          16  rc522.o(.data)
    global_times                             0x200003a0   Data           4  timer.o(.data)
    delay_ms_const                           0x200003a4   Data           4  timer.o(.data)
    wheel_L_Flag                             0x200003b8   Data           1  roadway_check.o(.data)
    wheel_R_Flag                             0x200003b9   Data           1  roadway_check.o(.data)
    wheel_Nav_Flag                           0x200003ba   Data           1  roadway_check.o(.data)
    Go_Flag                                  0x200003bb   Data           1  roadway_check.o(.data)
    Back_Flag                                0x200003bc   Data           1  roadway_check.o(.data)
    Track_Flag                               0x200003bd   Data           1  roadway_check.o(.data)
    Track_mp_Flag                            0x200003be   Data           1  roadway_check.o(.data)
    Line_Flag                                0x200003bf   Data           1  roadway_check.o(.data)
    count                                    0x200003c0   Data           2  roadway_check.o(.data)
    Stop_Flag                                0x200003c2   Data           1  roadway_check.o(.data)
    LSpeed                                   0x200003c4   Data           4  roadway_check.o(.data)
    RSpeed                                   0x200003c8   Data           4  roadway_check.o(.data)
    Car_Spend                                0x200003cc   Data           4  roadway_check.o(.data)
    temp_MP                                  0x200003d0   Data           2  roadway_check.o(.data)
    temp_Nav                                 0x200003d2   Data           2  roadway_check.o(.data)
    Wheel_flag                               0x200003d4   Data           1  roadway_check.o(.data)
    wheel_time                               0x200003d8   Data           4  roadway_check.o(.data)
    set_wheel_time                           0x200003dc   Data           2  roadway_check.o(.data)
    Roadway_cmp                              0x200003de   Data           2  roadway_check.o(.data)
    Roadway_Navig                            0x200003e0   Data           2  roadway_check.o(.data)
    Can_Filter_Flag                          0x200003ec   Data           1  can_drv.o(.data)
    Ccp_RxFlag                               0x200003ed   Data           1  can_drv.o(.data)
    CanP_RxFMI_Flag                          0x200003f0   Data           4  canp_hostcom.o(.data)
    ctbuf                                    0x200003f4   Data           8  canp_hostcom.o(.data)
    Track_buf                                0x200003fc   Data           2  canp_hostcom.o(.data)
    CanHost_Mp                               0x200003fe   Data           2  canp_hostcom.o(.data)
    CanHost_Navig                            0x20000400   Data           2  canp_hostcom.o(.data)
    Fileter_Tab                              0x20000402   Data          28  canp_hostcom.o(.data)
    LED_Tx_Buff                              0x20000582   Data           8  can_user.o(.data)
    jishi_tx_Buff                            0x2000058a   Data           8  can_user.o(.data)
    jishiopen_tx_Buff                        0x20000592   Data           8  can_user.o(.data)
    jishioff_tx_Buff                         0x2000059a   Data           8  can_user.o(.data)
    garage_Tx_Buff                           0x200005a2   Data           8  can_user.o(.data)
    yuyin_tx_Buff                            0x200005aa   Data          13  can_user.o(.data)
    daoza_tx_Buff                            0x200005b7   Data           8  can_user.o(.data)
    agvflag_tx_Buff                          0x200005bf   Data           8  can_user.o(.data)
    agvflagoff_tx_Buff                       0x200005c7   Data           8  can_user.o(.data)
    agv_tx_Buff                              0x200005cf   Data           8  can_user.o(.data)
    agvqianjin_tx_Buff                       0x200005d7   Data           8  can_user.o(.data)
    agvqianjin1500_tx_Buff                   0x200005df   Data           8  can_user.o(.data)
    agvright_tx_Buff                         0x200005e7   Data           8  can_user.o(.data)
    agvleft_tx_Buff                          0x200005ef   Data           8  can_user.o(.data)
    agvqianjinMP_tx_Buff                     0x200005f7   Data           8  can_user.o(.data)
    WUXIAN_tx_Buff                           0x200005ff   Data           8  can_user.o(.data)
    ZHUflag_tx_Buff                          0x20000607   Data           8  can_user.o(.data)
    AGV_START_READ_QR                        0x2000060f   Data           8  can_user.o(.data)
    IR1_TX_BUFF                              0x20000617   Data           6  can_user.o(.data)
    ludeng_TX_BUFF                           0x2000061d   Data           8  can_user.o(.data)
    RFID_DATA                                0x20000625   Data          30  can_user.o(.data)
    Traffic_LED_Buf                          0x20000643   Data           8  can_user.o(.data)
    Traffic_verify_Buf                       0x2000064b   Data           8  can_user.o(.data)
    TFT_buf                                  0x20000653   Data           8  can_user.o(.data)
    Wifi_Rx_num                              0x2000065b   Data           1  can_user.o(.data)
    Wifi_Rx_flag                             0x2000065c   Data           1  can_user.o(.data)
    Zigbee_Rx_num                            0x2000065d   Data           1  can_user.o(.data)
    Zigbee_Rx_flag                           0x2000065e   Data           1  can_user.o(.data)
    Host_AGV_Return_Flag                     0x2000065f   Data           1  can_user.o(.data)
    AGV_data_Falg                            0x20000660   Data           1  can_user.o(.data)
    AGV_CMD_Sent                             0x20000661   Data           1  can_user.o(.data)
    canu_wifi_rxtime                         0x20000664   Data           4  can_user.o(.data)
    canu_zibe_rxtime                         0x20000668   Data           4  can_user.o(.data)
    Full_Enable                              0x2000066c   Data           1  can_user.o(.data)
    Mark                                     0x2000066d   Data           1  can_user.o(.data)
    FIND_OK                                  0x2000066e   Data           1  can_user.o(.data)
    RFID_READED                              0x2000066f   Data           1  can_user.o(.data)
    FULL_MP                                  0x20000670   Data           2  can_user.o(.data)
    Follower_dis                             0x20000672   Data           2  can_user.o(.data)
    MAIN_QR_DATA                             0x20000674   Data           8  can_user.o(.data)
    LICENSE_DATA                             0x2000067c   Data          12  can_user.o(.data)
    GRAPHIC_DATA                             0x20000688   Data          12  can_user.o(.data)
    TRAFFIC_LIGHT_DATA                       0x20000694   Data           8  can_user.o(.data)
    RFID_PROCESSED                           0x2000069c   Data           1  can_user.o(.data)
    QR_PROCESSED                             0x2000069d   Data           1  can_user.o(.data)
    MAIN_QR_PROCESSED                        0x2000069e   Data           1  can_user.o(.data)
    LICENSE_PROCESSED                        0x2000069f   Data           1  can_user.o(.data)
    GRAPHIC_PROCESSED                        0x200006a0   Data           1  can_user.o(.data)
    TRAFFIC_LIGHT_PROCESSED                  0x200006a1   Data           1  can_user.o(.data)
    GARAGE_NO                                0x200006a2   Data           1  can_user.o(.data)
    AGV_FX                                   0x200006a3   Data           1  can_user.o(.data)
    AGV_CK_VAL                               0x200006a4   Data           1  can_user.o(.data)
    Rx_Flag                                  0x200006a5   Data           1  can_user.o(.data)
    Infrared_Tab                             0x200006a6   Data           6  can_user.o(.data)
    RCC_Clocks                               0x200006b0   Data          16  main.o(.bss)
    RFID_RX_buff                             0x200006c0   Data          17  main.o(.bss)
    RFID_TX_buff                             0x200006d1   Data          17  main.o(.bss)
    FifoBuf_A72_Tx                           0x200006e2   Data          50  uart_a72.o(.bss)
    uart_struct                              0x20000714   Data         220  uart_drv.o(.bss)
    Principal_Tab                            0x200007f0   Data          50  data_base.o(.bss)
    Follower_Tab                             0x20000822   Data          50  data_base.o(.bss)
    filter_buf                               0x20000854   Data          22  data_filtering.o(.bss)
    Fifo_Info                                0x200008bc   Data          16  canp_hostcom.o(.bss)
    Fifo_WifiRx                              0x200008cc   Data          16  canp_hostcom.o(.bss)
    Fifo_WifiTx                              0x200008dc   Data          16  canp_hostcom.o(.bss)
    Fifo_ZigbRx                              0x200008ec   Data          16  canp_hostcom.o(.bss)
    Fifo_ZigbTx                              0x200008fc   Data          16  canp_hostcom.o(.bss)
    FifoBuf_Info                             0x2000090c   Data          50  canp_hostcom.o(.bss)
    FifoBuf_WifiRx                           0x2000093e   Data          50  canp_hostcom.o(.bss)
    FifoBuf_WifiTx                           0x20000970   Data          50  canp_hostcom.o(.bss)
    FifoBuf_ZigbRx                           0x200009a2   Data          50  canp_hostcom.o(.bss)
    FifoBuf_ZigbTx                           0x200009d4   Data          50  canp_hostcom.o(.bss)
    crm                                      0x20000a08   Data          20  canp_hostcom.o(.bss)
    crbuf                                    0x20000a1c   Data          32  canp_hostcom.o(.bss)
    TxMessage                                0x20000a3c   Data          20  hard_can.o(.bss)
    RxMessage                                0x20000a50   Data          20  hard_can.o(.bss)
    Wifi_Rx_Buf                              0x20000a64   Data         200  can_user.o(.bss)
    Zigb_Rx_Buf                              0x20000b2c   Data         200  can_user.o(.bss)
    Wifi_Rx_Buf_Temp                         0x20000bf4   Data          17  can_user.o(.bss)
    follower_Buff                            0x20000c05   Data          50  can_user.o(.bss)
    QR_PROCESSED_DATA                        0x20000c37   Data          20  can_user.o(.bss)
    MAIN_QR_PROCESSED_DATA                   0x20000c4b   Data          20  can_user.o(.bss)
    RFID_PROCESSED_DATA                      0x20000c5f   Data          20  can_user.o(.bss)
    LICENSE_PROCESSED_DATA                   0x20000c73   Data          20  can_user.o(.bss)
    GRAPHIC_PROCESSED_DATA                   0x20000c87   Data          20  can_user.o(.bss)
    TRAFFIC_LIGHT_PROCESSED_DATA             0x20000c9b   Data          20  can_user.o(.bss)
    __initial_sp                             0x200010b0   Data           0  startup_stm32f40_41xxx.o(STACK)



==============================================================================

Memory Map of the image

  Image Entry point : 0x08000189

  Load Region LR_IROM1 (Base: 0x08000000, Size: 0x00008398, Max: 0x00100000, ABSOLUTE, COMPRESSED[0x00007f24])

    Execution Region ER_IROM1 (Base: 0x08000000, Size: 0x00007ce8, Max: 0x00100000, ABSOLUTE)

    Base Addr    Size         Type   Attr      Idx    E Section Name        Object

    0x08000000   0x00000188   Data   RO         6014    RESET               startup_stm32f40_41xxx.o
    0x08000188   0x00000000   Code   RO         6938  * .ARM.Collect$$$$00000000  mc_w.l(entry.o)
    0x08000188   0x00000004   Code   RO         6965    .ARM.Collect$$$$00000001  mc_w.l(entry2.o)
    0x0800018c   0x00000004   Code   RO         6968    .ARM.Collect$$$$00000004  mc_w.l(entry5.o)
    0x08000190   0x00000000   Code   RO         6970    .ARM.Collect$$$$00000008  mc_w.l(entry7b.o)
    0x08000190   0x00000000   Code   RO         6972    .ARM.Collect$$$$0000000A  mc_w.l(entry8b.o)
    0x08000190   0x00000008   Code   RO         6973    .ARM.Collect$$$$0000000B  mc_w.l(entry9a.o)
    0x08000198   0x00000000   Code   RO         6975    .ARM.Collect$$$$0000000D  mc_w.l(entry10a.o)
    0x08000198   0x00000000   Code   RO         6977    .ARM.Collect$$$$0000000F  mc_w.l(entry11a.o)
    0x08000198   0x00000004   Code   RO         6966    .ARM.Collect$$$$00002712  mc_w.l(entry2.o)
    0x0800019c   0x00000024   Code   RO         6015    .text               startup_stm32f40_41xxx.o
    0x080001c0   0x00000024   Code   RO         6941    .text               mc_w.l(memcpya.o)
    0x080001e4   0x00000024   Code   RO         6943    .text               mc_w.l(memseta.o)
    0x08000208   0x00000018   Code   RO         6945    .text               mc_w.l(strncpy.o)
    0x08000220   0x0000000e   Code   RO         6947    .text               mc_w.l(strlen.o)
    0x0800022e   0x0000014e   Code   RO         6951    .text               mf_w.l(dadd.o)
    0x0800037c   0x000000e4   Code   RO         6953    .text               mf_w.l(dmul.o)
    0x08000460   0x000000de   Code   RO         6955    .text               mf_w.l(ddiv.o)
    0x0800053e   0x00000026   Code   RO         6961    .text               mf_w.l(f2d.o)
    0x08000564   0x00000038   Code   RO         6963    .text               mf_w.l(d2f.o)
    0x0800059c   0x0000001e   Code   RO         6979    .text               mc_w.l(llshl.o)
    0x080005ba   0x00000020   Code   RO         6981    .text               mc_w.l(llushr.o)
    0x080005da   0x00000024   Code   RO         6983    .text               mc_w.l(llsshr.o)
    0x080005fe   0x00000000   Code   RO         6985    .text               mc_w.l(iusefp.o)
    0x080005fe   0x0000006e   Code   RO         6986    .text               mf_w.l(fepilogue.o)
    0x0800066c   0x000000ba   Code   RO         6988    .text               mf_w.l(depilogue.o)
    0x08000726   0x00000002   PAD
    0x08000728   0x00000024   Code   RO         6990    .text               mc_w.l(init.o)
    0x0800074c   0x0000005e   Code   RO         7000    .text               mc_w.l(__dclz77c.o)
    0x080007aa   0x00000006   Code   RO         1225    i.ADC_ClearFlag     stm32f4xx_adc.o
    0x080007b0   0x00000016   Code   RO         1227    i.ADC_Cmd           stm32f4xx_adc.o
    0x080007c6   0x00000002   PAD
    0x080007c8   0x00000030   Code   RO         1228    i.ADC_CommonInit    stm32f4xx_adc.o
    0x080007f8   0x0000008c   Code   RO          637    i.ADC_Configure     power_check.o
    0x08000884   0x00000008   Code   RO         1239    i.ADC_GetConversionValue  stm32f4xx_adc.o
    0x0800088c   0x00000012   Code   RO         1240    i.ADC_GetFlagStatus  stm32f4xx_adc.o
    0x0800089e   0x00000002   PAD
    0x080008a0   0x00000054   Code   RO         1247    i.ADC_Init          stm32f4xx_adc.o
    0x080008f4   0x000000b8   Code   RO         1252    i.ADC_RegularChannelConfig  stm32f4xx_adc.o
    0x080009ac   0x0000000a   Code   RO         1254    i.ADC_SoftwareStartConv  stm32f4xx_adc.o
    0x080009b6   0x00000002   PAD
    0x080009b8   0x0000009c   Code   RO         6828    i.Abnormal_data     can_user.o
    0x08000a54   0x00000018   Code   RO          542    i.BH1750_Configure  bh1750.o
    0x08000a6c   0x00000050   Code   RO          543    i.BH1750_PortInit   bh1750.o
    0x08000abc   0x00000034   Code   RO          544    i.BH1750_RecvACK    bh1750.o
    0x08000af0   0x00000054   Code   RO          545    i.BH1750_RecvByte   bh1750.o
    0x08000b44   0x00000040   Code   RO          546    i.BH1750_SendACK    bh1750.o
    0x08000b84   0x00000058   Code   RO          547    i.BH1750_SendByte   bh1750.o
    0x08000bdc   0x00000038   Code   RO          548    i.BH1750_Start      bh1750.o
    0x08000c14   0x00000030   Code   RO          549    i.BH1750_Stop       bh1750.o
    0x08000c44   0x00000038   Code   RO         1467    i.CAN_DeInit        stm32f4xx_can.o
    0x08000c7c   0x00000108   Code   RO         1469    i.CAN_FilterInit    stm32f4xx_can.o
    0x08000d84   0x00000012   Code   RO         1475    i.CAN_ITConfig      stm32f4xx_can.o
    0x08000d96   0x00000114   Code   RO         1476    i.CAN_Init          stm32f4xx_can.o
    0x08000eaa   0x0000001e   Code   RO         1477    i.CAN_MessagePending  stm32f4xx_can.o
    0x08000ec8   0x000000f0   Code   RO         1479    i.CAN_Receive       stm32f4xx_can.o
    0x08000fb8   0x00000126   Code   RO         1484    i.CAN_Transmit      stm32f4xx_can.o
    0x080010de   0x00000002   PAD
    0x080010e0   0x000000a0   Code   RO         1485    i.CAN_TransmitStatus  stm32f4xx_can.o
    0x08001180   0x0000006c   Code   RO          898    i.CalulateCRC       rc522.o
    0x080011ec   0x0000026c   Code   RO         6439    i.CanDrv_FiterUpdata  can_drv.o
    0x08001458   0x00000034   Code   RO         6440    i.CanDrv_Fiter_Create16bit  can_drv.o
    0x0800148c   0x00000032   Code   RO         6441    i.CanDrv_Fiter_Create32bit  can_drv.o
    0x080014be   0x00000002   PAD
    0x080014c0   0x00000010   Code   RO         6442    i.CanDrv_RxCheck    can_drv.o
    0x080014d0   0x00000028   Code   RO         6444    i.CanDrv_RxGetMeesage  can_drv.o
    0x080014f8   0x00000074   Code   RO         6445    i.CanDrv_TxData     can_drv.o
    0x0800156c   0x00000018   Code   RO         6447    i.CanDrv_TxEmptyCheck  can_drv.o
    0x08001584   0x0000000e   Code   RO         6449    i.CanDrv_WhaitTxEmpty  can_drv.o
    0x08001592   0x00000012   Code   RO         6533    i.CanP_CanRx_Check  canp_hostcom.o
    0x080015a4   0x000000b0   Code   RO         6534    i.CanP_CanRx_Irq    canp_hostcom.o
    0x08001654   0x00000014   Code   RO         6535    i.CanP_CanRx_TrackUp  canp_hostcom.o
    0x08001668   0x00000090   Code   RO         6536    i.CanP_CanTx_Check  canp_hostcom.o
    0x080016f8   0x00000060   Code   RO         6538    i.CanP_FifoInit     canp_hostcom.o
    0x08001758   0x00000016   Code   RO         6539    i.CanP_FifoInitS    canp_hostcom.o
    0x0800176e   0x00000002   PAD
    0x08001770   0x00000108   Code   RO         6540    i.CanP_Host_Main    canp_hostcom.o
    0x08001878   0x00000028   Code   RO         6541    i.CanP_Init         canp_hostcom.o
    0x080018a0   0x00000660   Code   RO         6829    i.Can_WifiRx_Check  can_user.o
    0x08001f00   0x00000054   Code   RO         6830    i.Can_WifiRx_Save   can_user.o
    0x08001f54   0x000001a4   Code   RO         6831    i.Can_ZigBeeRx_Check  can_user.o
    0x080020f8   0x00000054   Code   RO         6832    i.Can_ZigBeeRx_Save  can_user.o
    0x0800214c   0x00000060   Code   RO         6911    i.Can_check_Init    can_check.o
    0x080021ac   0x0000000c   Code   RO         6833    i.Canuser_main      can_user.o
    0x080021b8   0x00000078   Code   RO          472    i.Cba_Init          cba.o
    0x08002230   0x0000001c   Code   RO          899    i.ClearBitMask      rc522.o
    0x0800224c   0x0000005c   Code   RO         6177    i.Control           roadway_check.o
    0x080022a8   0x000000a8   Code   RO          410    i.EXTI4_IRQHandler  ultrasonic.o
    0x08002350   0x0000000c   Code   RO         2475    i.EXTI_ClearITPendingBit  stm32f4xx_exti.o
    0x0800235c   0x00000018   Code   RO         2479    i.EXTI_GetITStatus  stm32f4xx_exti.o
    0x08002374   0x00000094   Code   RO         2480    i.EXTI_Init         stm32f4xx_exti.o
    0x08002408   0x0000000c   Code   RO          638    i.Electricity_Init  power_check.o
    0x08002414   0x0000002a   Code   RO         6722    i.FifoDrv_BufRead   fifo_drv.o
    0x0800243e   0x00000028   Code   RO         6723    i.FifoDrv_BufWrite  fifo_drv.o
    0x08002466   0x00000030   Code   RO         6724    i.FifoDrv_CheckReadEn  fifo_drv.o
    0x08002496   0x0000001c   Code   RO         6725    i.FifoDrv_CheckWriteEn  fifo_drv.o
    0x080024b2   0x00000024   Code   RO         6727    i.FifoDrv_Init      fifo_drv.o
    0x080024d6   0x00000030   Code   RO         6728    i.FifoDrv_ReadOne   fifo_drv.o
    0x08002506   0x00000024   Code   RO         6729    i.FifoDrv_StructCheck  fifo_drv.o
    0x0800252a   0x0000002c   Code   RO         6730    i.FifoDrv_WriteOne  fifo_drv.o
    0x08002556   0x00000002   PAD
    0x08002558   0x000016a4   Code   RO         6835    i.Full              can_user.o
    0x08003bfc   0x00000090   Code   RO         2968    i.GPIO_Init         stm32f4xx_gpio.o
    0x08003c8c   0x00000046   Code   RO         2969    i.GPIO_PinAFConfig  stm32f4xx_gpio.o
    0x08003cd2   0x00000012   Code   RO         2972    i.GPIO_ReadInputDataBit  stm32f4xx_gpio.o
    0x08003ce4   0x00000004   Code   RO         2975    i.GPIO_ResetBits    stm32f4xx_gpio.o
    0x08003ce8   0x00000004   Code   RO         2976    i.GPIO_SetBits      stm32f4xx_gpio.o
    0x08003cec   0x0000002c   Code   RO          639    i.Get_ADC_Value     power_check.o
    0x08003d18   0x00000070   Code   RO          550    i.Get_Bh_Value      bh1750.o
    0x08003d88   0x00000026   Code   RO          640    i.Get_Electricity   power_check.o
    0x08003dae   0x00000002   PAD
    0x08003db0   0x00000034   Code   RO         6545    i.Get_Host_UpTrack  canp_hostcom.o
    0x08003de4   0x00000014   Code   RO          354    i.Get_tba_phsis_value  tba.o
    0x08003df8   0x00000068   Code   RO         6178    i.Go_and_Back_Check  roadway_check.o
    0x08003e60   0x0000012c   Code   RO         6790    i.Hard_Can_Init     hard_can.o
    0x08003f8c   0x00000024   Code   RO         6791    i.Hard_Can_SpeedMode  hard_can.o
    0x08003fb0   0x00000008   Code   RO         6792    i.Hard_Can_While    hard_can.o
    0x08003fb8   0x00000024   Code   RO          706    i.Hard_Uart_MurtSel  uart_a72.o
    0x08003fdc   0x00000052   Code   RO            3    i.Hardware_Init     main.o
    0x0800402e   0x00000002   PAD
    0x08004030   0x0000000c   Code   RO         6546    i.Host_Receive_UpTrack  canp_hostcom.o
    0x0800403c   0x00000040   Code   RO          218    i.Infrared_Init     infrared.o
    0x0800407c   0x000000b4   Code   RO          219    i.Infrared_Send     infrared.o
    0x08004130   0x0000001c   Code   RO          900    i.InitRc522         rc522.o
    0x0800414c   0x000001b8   Code   RO            4    i.KEY_Check         main.o
    0x08004304   0x0000005c   Code   RO          901    i.M500PcdConfigISOType  rc522.o
    0x08004360   0x0000000e   Code   RO          641    i.MLib_GetSub       power_check.o
    0x0800436e   0x00000002   PAD
    0x08004370   0x0000003c   Code   RO          551    i.Multiple_Read_BH1750  bh1750.o
    0x080043ac   0x00000078   Code   RO         1177    i.NVIC_Init         misc.o
    0x08004424   0x00000014   Code   RO         1178    i.NVIC_PriorityGroupConfig  misc.o
    0x08004438   0x00000050   Code   RO         6836    i.Normal_data       can_user.o
    0x08004488   0x0000007c   Code   RO          642    i.Parameter_Init    power_check.o
    0x08004504   0x0000000c   Code   RO          902    i.PcdAntennaOff     rc522.o
    0x08004510   0x0000001a   Code   RO          903    i.PcdAntennaOn      rc522.o
    0x0800452a   0x00000070   Code   RO          904    i.PcdAnticoll       rc522.o
    0x0800459a   0x0000006e   Code   RO          905    i.PcdAuthState      rc522.o
    0x08004608   0x00000132   Code   RO          906    i.PcdComMF522       rc522.o
    0x0800473a   0x00000054   Code   RO          908    i.PcdRead           rc522.o
    0x0800478e   0x00000054   Code   RO          909    i.PcdRequest        rc522.o
    0x080047e2   0x00000044   Code   RO          910    i.PcdReset          rc522.o
    0x08004826   0x00000072   Code   RO          911    i.PcdSelect         rc522.o
    0x08004898   0x00000092   Code   RO          912    i.PcdWrite          rc522.o
    0x0800492a   0x00000002   PAD
    0x0800492c   0x0000016c   Code   RO          643    i.Power_Check       power_check.o
    0x08004a98   0x00000018   Code   RO          913    i.RC522_Search_Card  rc522.o
    0x08004ab0   0x000000b4   Code   RO          914    i.RC522_Uart_init   rc522.o
    0x08004b64   0x00000020   Code   RO         3854    i.RCC_AHB1PeriphClockCmd  stm32f4xx_rcc.o
    0x08004b84   0x00000020   Code   RO         3863    i.RCC_APB1PeriphClockCmd  stm32f4xx_rcc.o
    0x08004ba4   0x00000020   Code   RO         3865    i.RCC_APB1PeriphResetCmd  stm32f4xx_rcc.o
    0x08004bc4   0x00000020   Code   RO         3866    i.RCC_APB2PeriphClockCmd  stm32f4xx_rcc.o
    0x08004be4   0x00000020   Code   RO         3868    i.RCC_APB2PeriphResetCmd  stm32f4xx_rcc.o
    0x08004c04   0x000000e8   Code   RO         3875    i.RCC_GetClocksFreq  stm32f4xx_rcc.o
    0x08004cec   0x0000007c   Code   RO          915    i.RW_Card           rc522.o
    0x08004d68   0x0000002a   Code   RO          917    i.ReadRawRC         rc522.o
    0x08004d92   0x00000018   Code   RO          919    i.Readcard_daivce_Init  rc522.o
    0x08004daa   0x00000002   PAD
    0x08004dac   0x0000002c   Code   RO          920    i.Rece_data         rc522.o
    0x08004dd8   0x0000001c   Code   RO         6179    i.Roadway_Check     roadway_check.o
    0x08004df4   0x00000044   Code   RO         6180    i.Roadway_Flag_clean  roadway_check.o
    0x08004e38   0x00000048   Code   RO         6182    i.Roadway_mp_Get    roadway_check.o
    0x08004e80   0x00000014   Code   RO         6183    i.Roadway_mp_syn    roadway_check.o
    0x08004e94   0x00000044   Code   RO         6184    i.Roadway_nav_Get   roadway_check.o
    0x08004ed8   0x00000014   Code   RO         6185    i.Roadway_nav_syn   roadway_check.o
    0x08004eec   0x00000020   Code   RO          552    i.SDA_IN            bh1750.o
    0x08004f0c   0x00000028   Code   RO          553    i.SDA_OUT           bh1750.o
    0x08004f34   0x0000001a   Code   RO          244    i.SYN7318_Get_String  syn7318.o
    0x08004f4e   0x00000002   PAD
    0x08004f50   0x00000028   Code   RO          245    i.SYN7318_Get_char  syn7318.o
    0x08004f78   0x00000050   Code   RO          246    i.SYN7318_Init      syn7318.o
    0x08004fc8   0x0000000c   Code   RO          247    i.SYN7318_Put_Char  syn7318.o
    0x08004fd4   0x0000001a   Code   RO          248    i.SYN7318_Put_String  syn7318.o
    0x08004fee   0x00000002   PAD
    0x08004ff0   0x0000002c   Code   RO          249    i.SYN7318_Rst       syn7318.o
    0x0800501c   0x00000164   Code   RO          250    i.SYN7318_Test      syn7318.o
    0x08005180   0x000002c4   Code   RO          251    i.SYN_7318_One_test  syn7318.o
    0x08005444   0x000000d4   Code   RO          252    i.SYN_TTS           syn7318.o
    0x08005518   0x00000040   Code   RO         5149    i.SYSCFG_EXTILineConfig  stm32f4xx_syscfg.o
    0x08005558   0x0000001e   Code   RO         6549    i.Send_Debug_Info   canp_hostcom.o
    0x08005576   0x0000002e   Code   RO         6550    i.Send_Electric     canp_hostcom.o
    0x080055a4   0x00000018   Code   RO         6551    i.Send_InfoData_To_Fifo  canp_hostcom.o
    0x080055bc   0x00000034   Code   RO         6553    i.Send_UpMotor      canp_hostcom.o
    0x080055f0   0x00000018   Code   RO         6554    i.Send_WifiData_To_Fifo  canp_hostcom.o
    0x08005608   0x0000001e   Code   RO         6555    i.Send_ZigBee_Info  canp_hostcom.o
    0x08005626   0x00000002   PAD
    0x08005628   0x00000018   Code   RO         6556    i.Send_ZigbeeData_To_Fifo  canp_hostcom.o
    0x08005640   0x00000034   Code   RO          922    i.Send_data         rc522.o
    0x08005674   0x0000001c   Code   RO          923    i.SetBitMask        rc522.o
    0x08005690   0x000000ec   Code   RO         6021    i.SetSysClock       system_stm32f4xx.o
    0x0800577c   0x00000024   Code   RO          355    i.Set_tba_Beep      tba.o
    0x080057a0   0x0000004c   Code   RO          356    i.Set_tba_WheelLED  tba.o
    0x080057ec   0x0000001a   Code   RO          554    i.Single_Write_BH1750  bh1750.o
    0x08005806   0x00000002   PAD
    0x08005808   0x00000038   Code   RO         6312    i.Smoothing_Filtering  data_filtering.o
    0x08005840   0x00000044   Code   RO          254    i.Status_Query      syn7318.o
    0x08005884   0x00000028   Code   RO         1181    i.SysTick_CLKSourceConfig  misc.o
    0x080058ac   0x00000068   Code   RO         6023    i.SystemInit        system_stm32f4xx.o
    0x08005914   0x00000020   Code   RO         6186    i.TIM1_BRK_TIM9_IRQHandler  roadway_check.o
    0x08005934   0x0000002c   Code   RO         1133    i.TIM1_UP_TIM10_IRQHandler  timer.o
    0x08005960   0x0000002c   Code   RO          411    i.TIM6_DAC_IRQHandler  ultrasonic.o
    0x0800598c   0x00000020   Code   RO         6912    i.TIM7_IRQHandler   can_check.o
    0x080059ac   0x00000006   Code   RO         5213    i.TIM_ClearITPendingBit  stm32f4xx_tim.o
    0x080059b2   0x00000018   Code   RO         5218    i.TIM_Cmd           stm32f4xx_tim.o
    0x080059ca   0x00000022   Code   RO         5239    i.TIM_GetITStatus   stm32f4xx_tim.o
    0x080059ec   0x00000012   Code   RO         5243    i.TIM_ITConfig      stm32f4xx_tim.o
    0x080059fe   0x00000002   PAD
    0x08005a00   0x00000084   Code   RO         5290    i.TIM_TimeBaseInit  stm32f4xx_tim.o
    0x08005a84   0x00000034   Code   RO          357    i.Tba_Beep_Config   tba.o
    0x08005ab8   0x00000010   Code   RO          358    i.Tba_Init          tba.o
    0x08005ac8   0x0000002c   Code   RO          359    i.Tba_Photoresistance_Config  tba.o
    0x08005af4   0x00000034   Code   RO          360    i.Tba_WheelLED_Config  tba.o
    0x08005b28   0x00000060   Code   RO         1134    i.Timer_Init        timer.o
    0x08005b88   0x000001f0   Code   RO         6187    i.Track             roadway_check.o
    0x08005d78   0x00000020   Code   RO         6188    i.Track_Check       roadway_check.o
    0x08005d98   0x00000218   Code   RO         6189    i.Track_mp          roadway_check.o
    0x08005fb0   0x00000020   Code   RO         6190    i.Track_mp_Check    roadway_check.o
    0x08005fd0   0x00000024   Code   RO          256    i.U6SendChar        syn7318.o
    0x08005ff4   0x00000010   Code   RO         6068    i.U8ToU16           my_lib.o
    0x08006004   0x00000010   Code   RO         6069    i.U8ToU16_Big       my_lib.o
    0x08006014   0x00000010   Code   RO          707    i.UART4_IRQHandler  uart_a72.o
    0x08006024   0x00000028   Code   RO          924    i.USART1_IRQHandler  rc522.o
    0x0800604c   0x0000007c   Code   RO          708    i.USART2_IRQHandler  uart_a72.o
    0x080060c8   0x00000098   Code   RO          257    i.USART6_Init       syn7318.o
    0x08006160   0x00000012   Code   RO         5764    i.USART_ClearFlag   stm32f4xx_usart.o
    0x08006172   0x0000001e   Code   RO         5765    i.USART_ClearITPendingBit  stm32f4xx_usart.o
    0x08006190   0x00000018   Code   RO         5768    i.USART_Cmd         stm32f4xx_usart.o
    0x080061a8   0x0000001a   Code   RO         5771    i.USART_GetFlagStatus  stm32f4xx_usart.o
    0x080061c2   0x00000054   Code   RO         5772    i.USART_GetITStatus  stm32f4xx_usart.o
    0x08006216   0x0000004a   Code   RO         5774    i.USART_ITConfig    stm32f4xx_usart.o
    0x08006260   0x000000d4   Code   RO         5775    i.USART_Init        stm32f4xx_usart.o
    0x08006334   0x0000000a   Code   RO         5782    i.USART_ReceiveData  stm32f4xx_usart.o
    0x0800633e   0x00000008   Code   RO         5785    i.USART_SendData    stm32f4xx_usart.o
    0x08006346   0x00000002   PAD
    0x08006348   0x0000005c   Code   RO          709    i.UartA72_Init      uart_a72.o
    0x080063a4   0x00000024   Code   RO          711    i.UartA72_TxAddStr  uart_a72.o
    0x080063c8   0x00000018   Code   RO          712    i.UartA72_TxClear   uart_a72.o
    0x080063e0   0x00000010   Code   RO          713    i.UartA72_TxStart   uart_a72.o
    0x080063f0   0x0000003c   Code   RO          801    i.UartTx_AddBuf     uart_drv.o
    0x0800642c   0x00000038   Code   RO          804    i.UartTx_Clear      uart_drv.o
    0x08006464   0x00000030   Code   RO          806    i.UartTx_Start      uart_drv.o
    0x08006494   0x00000134   Code   RO          715    i.Uart_A72_PortInit  uart_a72.o
    0x080065c8   0x000000f8   Code   RO          808    i.Uart_Irq          uart_drv.o
    0x080066c0   0x00000056   Code   RO          412    i.Ultrasonic_EXTI   ultrasonic.o
    0x08006716   0x00000014   Code   RO          413    i.Ultrasonic_Init   ultrasonic.o
    0x0800672a   0x00000002   PAD
    0x0800672c   0x00000068   Code   RO          414    i.Ultrasonic_Port   ultrasonic.o
    0x08006794   0x00000050   Code   RO          415    i.Ultrasonic_Ranging  ultrasonic.o
    0x080067e4   0x00000058   Code   RO          416    i.Ultrasonic_TIM    ultrasonic.o
    0x0800683c   0x00000022   Code   RO          926    i.WriteRawRC        rc522.o
    0x0800685e   0x00000002   PAD
    0x08006860   0x000008b8   Code   RO          258    i.Yu_Yin_Asr        syn7318.o
    0x08007118   0x0000000e   Code   RO         6994    i.__scatterload_copy  mc_w.l(handlers.o)
    0x08007126   0x00000002   Code   RO         6995    i.__scatterload_null  mc_w.l(handlers.o)
    0x08007128   0x0000000e   Code   RO         6996    i.__scatterload_zeroinit  mc_w.l(handlers.o)
    0x08007136   0x00000002   PAD
    0x08007138   0x0000008c   Code   RO         6342    i.back              full_routine.o
    0x080071c4   0x000000c0   Code   RO         6191    i.delay_LR          roadway_check.o
    0x08007284   0x0000003c   Code   RO         1099    i.delay_init        delay.o
    0x080072c0   0x0000004c   Code   RO         1100    i.delay_ms          delay.o
    0x0800730c   0x00000012   Code   RO          927    i.delay_ns          rc522.o
    0x0800731e   0x00000002   PAD
    0x08007320   0x0000004c   Code   RO         1101    i.delay_us          delay.o
    0x0800736c   0x00000088   Code   RO         6343    i.go                full_routine.o
    0x080073f4   0x00000108   Code   RO         6344    i.go_readcard       full_routine.o
    0x080074fc   0x00000098   Code   RO         6345    i.go_track          full_routine.o
    0x08007594   0x000000bc   Code   RO         6346    i.go_track_mp       full_routine.o
    0x08007650   0x0000000c   Code   RO         1135    i.gt_get            timer.o
    0x0800765c   0x00000018   Code   RO         1136    i.gt_get_sub        timer.o
    0x08007674   0x0000009a   Code   RO         6837    i.hex2ascii         can_user.o
    0x0800770e   0x00000002   PAD
    0x08007710   0x000001e0   Code   RO            5    i.main              main.o
    0x080078f0   0x00000032   Code   RO         6347    i.mode              full_routine.o
    0x08007922   0x00000002   PAD
    0x08007924   0x00000060   Code   RO         6192    i.roadway_check_TimInit  roadway_check.o
    0x08007984   0x00000078   Code   RO         6348    i.turn_left         full_routine.o
    0x080079fc   0x0000007c   Code   RO         6350    i.turn_right        full_routine.o
    0x08007a78   0x0000004c   Code   RO         6193    i.wheel_Nav_check   roadway_check.o
    0x08007ac4   0x000000f4   Code   RO         6194    i.wheel_mp_check    roadway_check.o
    0x08007bb8   0x00000110   Data   RO         6071    .constdata          my_lib.o
    0x08007cc8   0x00000020   Data   RO         6992    Region$$Table       anon$$obj.o


    Execution Region RW_IRAM2 (Base: 0x10000000, Size: 0x00000000, Max: 0x00010000, ABSOLUTE)

    **** No section assigned to this execution region ****


    Execution Region RW_IRAM1 (Base: 0x20000000, Size: 0x000010b0, Max: 0x00020000, ABSOLUTE, COMPRESSED[0x0000023c])

    Base Addr    Size         Type   Attr      Idx    E Section Name        Object

    0x20000000   0x00000188   Data   RW            7    .data               main.o
    0x20000188   0x000001b9   Data   RW          259    .data               syn7318.o
    0x20000341   0x00000003   PAD
    0x20000344   0x0000000a   Data   RW          417    .data               ultrasonic.o
    0x2000034e   0x00000004   Data   RW          555    .data               bh1750.o
    0x20000352   0x00000002   PAD
    0x20000354   0x00000013   Data   RW          644    .data               power_check.o
    0x20000367   0x00000003   Data   RW          717    .data               uart_a72.o
    0x2000036a   0x00000002   PAD
    0x2000036c   0x0000001c   Data   RW          811    .data               uart_drv.o
    0x20000388   0x00000011   Data   RW          929    .data               rc522.o
    0x20000399   0x00000001   PAD
    0x2000039a   0x00000004   Data   RW         1102    .data               delay.o
    0x2000039e   0x00000002   PAD
    0x200003a0   0x00000008   Data   RW         1137    .data               timer.o
    0x200003a8   0x00000010   Data   RW         3907    .data               stm32f4xx_rcc.o
    0x200003b8   0x00000034   Data   RW         6195    .data               roadway_check.o
    0x200003ec   0x00000002   Data   RW         6452    .data               can_drv.o
    0x200003ee   0x00000002   PAD
    0x200003f0   0x00000035   Data   RW         6561    .data               canp_hostcom.o
    0x20000425   0x00000003   PAD
    0x20000428   0x00000285   Data   RW         6839    .data               can_user.o
    0x200006ad   0x00000003   PAD
    0x200006b0   0x00000032   Zero   RW            6    .bss                main.o
    0x200006e2   0x00000032   Zero   RW          716    .bss                uart_a72.o
    0x20000714   0x000000dc   Zero   RW          810    .bss                uart_drv.o
    0x200007f0   0x00000064   Zero   RW         6156    .bss                data_base.o
    0x20000854   0x00000040   Zero   RW         6313    .bss                data_filtering.o
    0x20000894   0x00000028   Zero   RW         6451    .bss                can_drv.o
    0x200008bc   0x00000180   Zero   RW         6560    .bss                canp_hostcom.o
    0x20000a3c   0x00000028   Zero   RW         6793    .bss                hard_can.o
    0x20000a64   0x0000024b   Zero   RW         6838    .bss                can_user.o
    0x20000caf   0x00000001   PAD
    0x20000cb0   0x00000400   Zero   RW         6012    STACK               startup_stm32f40_41xxx.o


==============================================================================

Image component sizes


      Code (inc. data)   RO Data    RW Data    ZI Data      Debug   Object Name

       766         96          0          4          0       8425   bh1750.o
       128          8          0          0          0       1227   can_check.o
       932         30          0          2         40       7881   can_drv.o
      8418       1148          0        645        587      16012   can_user.o
      1074        178          0         53        384      13857   canp_hostcom.o
       120          8          0          0          0        599   cba.o
         0          0          0          0        100       2577   data_base.o
        56          4          0          0         64       1977   data_filtering.o
       212         16          0          4          0       1903   delay.o
       322          0          0          0          0       5532   fifo_drv.o
      1174        340          0          0          0       5259   full_routine.o
       344         22          0          0         40       2176   hard_can.o
       244         18          0          0          0       1748   infrared.o
      1002        106          0        392         50     321826   main.o
       180         24          0          0          0       2137   misc.o
        32          0        272          0          0       2574   my_lib.o
       736         68          0         19          0       5467   power_check.o
      1928         42          0         17          0      18387   rc522.o
      2208        242          0         52          0      11644   roadway_check.o
        36          8        392          0       1024        860   startup_stm32f40_41xxx.o
       380         24          0          0          0       6182   stm32f4xx_adc.o
      1338         34          0          0          0       6463   stm32f4xx_can.o
       184         16          0          0          0       2140   stm32f4xx_exti.o
       240          0          0          0          0       3583   stm32f4xx_gpio.o
       392         48          0         16          0       5961   stm32f4xx_rcc.o
        64          4          0          0          0        668   stm32f4xx_syscfg.o
       214         28          0          0          0       3750   stm32f4xx_tim.o
       486          8          0          0          0       6797   stm32f4xx_usart.o
      3992       1702          0        441          0      11746   syn7318.o
       340         32          0          0          0       1585   system_stm32f4xx.o
       296         32          0          0          0       4024   tba.o
       176         24          0          8          0       2880   timer.o
       652         94          0          3         50       5735   uart_a72.o
       412         32          0         28        220       4185   uart_drv.o
       590         78          0         10          0       4619   ultrasonic.o

    ----------------------------------------------------------------------
     29714       4514        696       1712       2560     502386   Object Totals
         0          0         32          0          0          0   (incl. Generated)
        46          0          0         18          1          0   (incl. Padding)

    ----------------------------------------------------------------------

      Code (inc. data)   RO Data    RW Data    ZI Data      Debug   Library Member Name

        94          0          0          0          0          0   __dclz77c.o
         0          0          0          0          0          0   entry.o
         0          0          0          0          0          0   entry10a.o
         0          0          0          0          0          0   entry11a.o
         8          4          0          0          0          0   entry2.o
         4          0          0          0          0          0   entry5.o
         0          0          0          0          0          0   entry7b.o
         0          0          0          0          0          0   entry8b.o
         8          4          0          0          0          0   entry9a.o
        30          0          0          0          0          0   handlers.o
        36          8          0          0          0         68   init.o
         0          0          0          0          0          0   iusefp.o
        30          0          0          0          0         68   llshl.o
        36          0          0          0          0         68   llsshr.o
        32          0          0          0          0         68   llushr.o
        36          0          0          0          0         68   memcpya.o
        36          0          0          0          0        108   memseta.o
        14          0          0          0          0         68   strlen.o
        24          0          0          0          0         76   strncpy.o
        56          0          0          0          0         88   d2f.o
       334          0          0          0          0        148   dadd.o
       222          0          0          0          0        100   ddiv.o
       186          0          0          0          0        176   depilogue.o
       228          0          0          0          0         96   dmul.o
        38          0          0          0          0         68   f2d.o
       110          0          0          0          0        168   fepilogue.o

    ----------------------------------------------------------------------
      1566         16          0          0          0       1436   Library Totals
         4          0          0          0          0          0   (incl. Padding)

    ----------------------------------------------------------------------

      Code (inc. data)   RO Data    RW Data    ZI Data      Debug   Library Name

       388         16          0          0          0        592   mc_w.l
      1174          0          0          0          0        844   mf_w.l

    ----------------------------------------------------------------------
      1566         16          0          0          0       1436   Library Totals

    ----------------------------------------------------------------------

==============================================================================


      Code (inc. data)   RO Data    RW Data    ZI Data      Debug   

     31280       4530        696       1712       2560     481782   Grand Totals
     31280       4530        696        572       2560     481782   ELF Image Totals (compressed)
     31280       4530        696        572          0          0   ROM Totals

==============================================================================

    Total RO  Size (Code + RO Data)                31976 (  31.23kB)
    Total RW  Size (RW Data + ZI Data)              4272 (   4.17kB)
    Total ROM Size (Code + RO Data + RW Data)      32548 (  31.79kB)

==============================================================================

