<html>
<body>
<pre>
<h1>礦ision Build Log</h1>
<h2>Tool Versions:</h2>
IDE-Version: μVision V5.15
Copyright (C) 2015 ARM Ltd and ARM Germany GmbH. All rights reserved.
License Information: 123 Admoin, 666, LIC=UB4CX-HKBFK-D21L7-ERK2L-QV6YZ-SP1WC
 
Tool Versions:
Toolchain:       MDK-ARM Professional  Version: 5.15.0
Toolchain Path:  E:\keil\ARM\ARMCC\Bin
C Compiler:      Armcc.exe V5.05 update 2 (build 169)
Assembler:       Armasm.exe V5.05 update 2 (build 169)
Linker/Locator:  ArmLink.exe V5.05 update 2 (build 169)
Library Manager: ArmAr.exe V5.05 update 2 (build 169)
Hex Converter:   FromElf.exe V5.05 update 2 (build 169)
CPU DLL:         SARMCM3.DLL V5.15.0
Dialog DLL:      DARMSTM.DLL V1.65.0.0
Target DLL:      Segger\JL2CM3.dll V2.99.15.0
Dialog DLL:      TARMSTM.DLL V1.64.0.0
 
<h2>Project:</h2>
C:\Users\Admoin\Desktop\竞赛项目\信号发生器\USER\Signal.uvprojx
Project File Date:  07/29/2017

<h2>Output:</h2>
*** Using Compiler 'V5.05 update 2 (build 169)', folder: 'E:\keil\ARM\ARMCC\Bin'
Rebuild target 'ADC'
compiling main.c...
main.c(26): warning:  #177-D: variable "adcx" was declared but never referenced
        u16 adcx;//ADC
main.c(27): warning:  #177-D: variable "PWM" was declared but never referenced
        u32 PWM;//PWM值
main.c(28): warning:  #177-D: variable "Tar_val" was declared but never referenced
        float Tar_val;//返?氐?实?实?压值
main.c(29): warning:  #177-D: variable "Voltage" was declared but never referenced
        float Voltage;//??压值
main.c(30): warning:  #177-D: variable "Vol_display" was declared but never referenced
        u32 Vol_display;//??示??压
main.c(31): warning:  #177-D: variable "Actual" was declared but never referenced
        float Actual;//实?式嵌?
main.c(118): warning:  #186-D: pointless comparison of unsigned integer with zero
                if((flag>=0)&&(flag<=9))//???旨?
main.c: 7 warnings, 0 errors
compiling stm32f10x_it.c...
compiling system_stm32f10x.c...
compiling led.c...
compiling key.c...
compiling lcd.c...
compiling adc.c...
compiling pwm.c...
compiling remote.c...
compiling PID.c...
compiling signal.c...
compiling delay.c...
compiling sys.c...
compiling usart.c...
compiling core_cm3.c...
assembling startup_stm32f10x_hd.s...
compiling misc.c...
compiling stm32f10x_adc.c...
compiling stm32f10x_fsmc.c...
compiling stm32f10x_gpio.c...
compiling stm32f10x_rcc.c...
compiling stm32f10x_usart.c...
compiling stm32f10x_tim.c...
compiling stm32f10x_dac.c...
compiling stm32f10x_dma.c...
linking...
Program Size: Code=40610 RO-data=6750 RW-data=112 ZI-data=2320  
FromELF: creating hex file...
"..\OBJ\ADC.axf" - 0 Error(s), 7 Warning(s).

<h2>Collection of Component include folders:</h2>
  C:\Users\Admoin\Desktop\竞赛项目\信号发生器\USER\RTE
  E:\keil\ARM\PACK\Keil\STM32F1xx_DFP\2.2.0\Device\Include

<h2>Collection of Component Files used:</h2>
</pre>
</body>
</html>
